Component: ARM Compiler 5.05 update 2 (build 169) Tool: armlink [4d0f33]

==============================================================================

Section Cross References

    startup_stm32f103xb.o(RESET) refers to startup_stm32f103xb.o(STACK) for __initial_sp
    startup_stm32f103xb.o(RESET) refers to startup_stm32f103xb.o(.text) for Reset_Handler
    startup_stm32f103xb.o(RESET) refers to stm32f1xx_it.o(i.NMI_Handler) for NMI_Handler
    startup_stm32f103xb.o(RESET) refers to stm32f1xx_it.o(i.HardFault_Handler) for HardFault_Handler
    startup_stm32f103xb.o(RESET) refers to stm32f1xx_it.o(i.MemManage_Handler) for MemManage_Handler
    startup_stm32f103xb.o(RESET) refers to stm32f1xx_it.o(i.BusFault_Handler) for BusFault_Handler
    startup_stm32f103xb.o(RESET) refers to stm32f1xx_it.o(i.UsageFault_Handler) for UsageFault_Handler
    startup_stm32f103xb.o(RESET) refers to stm32f1xx_it.o(i.SVC_Handler) for SVC_Handler
    startup_stm32f103xb.o(RESET) refers to stm32f1xx_it.o(i.DebugMon_Handler) for DebugMon_Handler
    startup_stm32f103xb.o(RESET) refers to stm32f1xx_it.o(i.PendSV_Handler) for PendSV_Handler
    startup_stm32f103xb.o(RESET) refers to stm32f1xx_it.o(i.SysTick_Handler) for SysTick_Handler
    startup_stm32f103xb.o(RESET) refers to stm32f1xx_it.o(i.EXTI1_IRQHandler) for EXTI1_IRQHandler
    startup_stm32f103xb.o(RESET) refers to stm32f1xx_it.o(i.USB_HP_CAN1_TX_IRQHandler) for USB_HP_CAN1_TX_IRQHandler
    startup_stm32f103xb.o(RESET) refers to stm32f1xx_it.o(i.USB_LP_CAN1_RX0_IRQHandler) for USB_LP_CAN1_RX0_IRQHandler
    startup_stm32f103xb.o(RESET) refers to stm32f1xx_it.o(i.TIM1_UP_IRQHandler) for TIM1_UP_IRQHandler
    startup_stm32f103xb.o(.text) refers to system_stm32f1xx.o(i.SystemInit) for SystemInit
    startup_stm32f103xb.o(.text) refers to entry.o(.ARM.Collect$$$$00000000) for __main
    system_stm32f1xx.o(i.SystemCoreClockUpdate) refers to system_stm32f1xx.o(.data) for .data
    system_stm32f1xx.o(i.SystemCoreClockUpdate) refers to system_stm32f1xx.o(.constdata) for .constdata
    stm32f1xx_hal_gpio.o(i.HAL_GPIO_EXTI_IRQHandler) refers to stm32f1xx_hal_gpio.o(i.HAL_GPIO_EXTI_Callback) for HAL_GPIO_EXTI_Callback
    stm32f1xx_hal_wwdg.o(i.HAL_WWDG_IRQHandler) refers to stm32f1xx_hal_wwdg.o(i.HAL_WWDG_EarlyWakeupCallback) for HAL_WWDG_EarlyWakeupCallback
    stm32f1xx_hal_wwdg.o(i.HAL_WWDG_Init) refers to stm32f1xx_hal_msp.o(i.HAL_WWDG_MspInit) for HAL_WWDG_MspInit
    stm32f1xx_ll_usb.o(i.USB_DevInit) refers to stm32f1xx_ll_usb.o(i.USB_EnableGlobalInt) for USB_EnableGlobalInt
    stm32f1xx_ll_usb.o(i.USB_EPStartXfer) refers to stm32f1xx_ll_usb.o(i.USB_WritePMA) for USB_WritePMA
    stm32f1xx_hal_dma.o(i.HAL_DMA_PollForTransfer) refers to stm32f1xx_hal.o(i.HAL_GetTick) for HAL_GetTick
    stm32f1xx_hal_dma.o(i.HAL_DMA_Start) refers to stm32f1xx_hal_dma.o(i.DMA_SetConfig) for DMA_SetConfig
    stm32f1xx_hal_dma.o(i.HAL_DMA_Start_IT) refers to stm32f1xx_hal_dma.o(i.DMA_SetConfig) for DMA_SetConfig
    stm32f1xx_hal_rcc_ex.o(i.HAL_RCCEx_GetPeriphCLKFreq) refers to stm32f1xx_hal_rcc.o(i.HAL_RCC_GetPCLK2Freq) for HAL_RCC_GetPCLK2Freq
    stm32f1xx_hal_rcc_ex.o(i.HAL_RCCEx_PeriphCLKConfig) refers to stm32f1xx_hal.o(i.HAL_GetTick) for HAL_GetTick
    stm32f1xx_hal_cortex.o(i.HAL_NVIC_SetPriority) refers to stm32f1xx_hal_cortex.o(i.NVIC_SetPriority) for NVIC_SetPriority
    stm32f1xx_hal_cortex.o(i.HAL_SYSTICK_Config) refers to stm32f1xx_hal_cortex.o(i.NVIC_SetPriority) for NVIC_SetPriority
    stm32f1xx_hal_cortex.o(i.HAL_SYSTICK_IRQHandler) refers to stm32f1xx_hal_cortex.o(i.HAL_SYSTICK_Callback) for HAL_SYSTICK_Callback
    stm32f1xx_hal_tim_ex.o(i.HAL_TIMEx_ConfigCommutationEvent_DMA) refers to stm32f1xx_hal_tim_ex.o(i.TIMEx_DMACommutationCplt) for TIMEx_DMACommutationCplt
    stm32f1xx_hal_tim_ex.o(i.HAL_TIMEx_ConfigCommutationEvent_DMA) refers to stm32f1xx_hal_tim.o(i.TIM_DMAError) for TIM_DMAError
    stm32f1xx_hal_tim_ex.o(i.HAL_TIMEx_HallSensor_DeInit) refers to stm32f1xx_hal_tim_ex.o(i.HAL_TIMEx_HallSensor_MspDeInit) for HAL_TIMEx_HallSensor_MspDeInit
    stm32f1xx_hal_tim_ex.o(i.HAL_TIMEx_HallSensor_Init) refers to stm32f1xx_hal_tim_ex.o(i.HAL_TIMEx_HallSensor_MspInit) for HAL_TIMEx_HallSensor_MspInit
    stm32f1xx_hal_tim_ex.o(i.HAL_TIMEx_HallSensor_Init) refers to stm32f1xx_hal_tim.o(i.TIM_Base_SetConfig) for TIM_Base_SetConfig
    stm32f1xx_hal_tim_ex.o(i.HAL_TIMEx_HallSensor_Init) refers to stm32f1xx_hal_tim.o(i.TIM_TI1_SetConfig) for TIM_TI1_SetConfig
    stm32f1xx_hal_tim_ex.o(i.HAL_TIMEx_HallSensor_Init) refers to stm32f1xx_hal_tim.o(i.TIM_OC2_SetConfig) for TIM_OC2_SetConfig
    stm32f1xx_hal_tim_ex.o(i.HAL_TIMEx_HallSensor_Start) refers to stm32f1xx_hal_tim.o(i.TIM_CCxChannelCmd) for TIM_CCxChannelCmd
    stm32f1xx_hal_tim_ex.o(i.HAL_TIMEx_HallSensor_Start_DMA) refers to stm32f1xx_hal_tim.o(i.TIM_CCxChannelCmd) for TIM_CCxChannelCmd
    stm32f1xx_hal_tim_ex.o(i.HAL_TIMEx_HallSensor_Start_DMA) refers to stm32f1xx_hal_dma.o(i.HAL_DMA_Start_IT) for HAL_DMA_Start_IT
[...]
    .ARM.Collect$$$$0000000B                 0x080000f4   Section        8  entry9a.o(.ARM.Collect$$$$0000000B)
    .ARM.Collect$$$$0000000D                 0x080000fc   Section        0  entry10a.o(.ARM.Collect$$$$0000000D)
    .ARM.Collect$$$$0000000F                 0x080000fc   Section        0  entry11a.o(.ARM.Collect$$$$0000000F)
    .ARM.Collect$$$$00002712                 0x080000fc   Section        4  entry2.o(.ARM.Collect$$$$00002712)
    __lit__00000000                          0x080000fc   Data           4  entry2.o(.ARM.Collect$$$$00002712)
    .text                                    0x08000100   Section       36  startup_stm32f103xb.o(.text)
    .text                                    0x08000124   Section        0  llushr.o(.text)
    .text                                    0x08000144   Section        0  memcpya.o(.text)
    .text                                    0x08000168   Section        0  strlen.o(.text)
    .text                                    0x08000176   Section        0  dadd.o(.text)
    .text                                    0x080002c4   Section        0  dmul.o(.text)
    .text                                    0x080003a8   Section        0  ddiv.o(.text)
    .text                                    0x08000486   Section        0  dscalb.o(.text)
    .text                                    0x080004b4   Section        0  dfltui.o(.text)
    .text                                    0x080004ce   Section        0  dfixui.o(.text)
    .text                                    0x08000500   Section       48  cdrcmple.o(.text)
    .text                                    0x08000530   Section        0  uidiv.o(.text)
    .text                                    0x0800055c   Section        0  uldiv.o(.text)
    .text                                    0x080005be   Section        0  llshl.o(.text)
    .text                                    0x080005dc   Section        0  llsshr.o(.text)
    .text                                    0x08000600   Section        0  depilogue.o(.text)
    .text                                    0x08000600   Section        0  iusefp.o(.text)
    .text                                    0x080006ba   Section        0  dfixul.o(.text)
    .text                                    0x080006ec   Section       36  init.o(.text)
    .text                                    0x08000710   Section        0  __dczerorl2.o(.text)
    i.BusFault_Handler                       0x08000766   Section        0  stm32f1xx_it.o(i.BusFault_Handler)
    i.CDC_Control_FS                         0x08000768   Section        0  usbd_cdc_if.o(i.CDC_Control_FS)
    CDC_Control_FS                           0x08000769   Thumb Code     4  usbd_cdc_if.o(i.CDC_Control_FS)
    i.CDC_DeInit_FS                          0x0800076c   Section        0  usbd_cdc_if.o(i.CDC_DeInit_FS)
    CDC_DeInit_FS                            0x0800076d   Thumb Code     4  usbd_cdc_if.o(i.CDC_DeInit_FS)
    i.CDC_Init_FS                            0x08000770   Section        0  usbd_cdc_if.o(i.CDC_Init_FS)
    CDC_Init_FS                              0x08000771   Thumb Code    24  usbd_cdc_if.o(i.CDC_Init_FS)
    i.CDC_Receive_FS                         0x08000794   Section        0  usbd_cdc_if.o(i.CDC_Receive_FS)
    CDC_Receive_FS                           0x08000795   Thumb Code   152  usbd_cdc_if.o(i.CDC_Receive_FS)
    i.CDC_Transmit_FS                        0x08000838   Section        0  usbd_cdc_if.o(i.CDC_Transmit_FS)
    i.DebugMon_Handler                       0x08000874   Section        0  stm32f1xx_it.o(i.DebugMon_Handler)
    i.EXTI1_IRQHandler                       0x08000876   Section        0  stm32f1xx_it.o(i.EXTI1_IRQHandler)
    i.HAL_GPIO_EXTI_Callback                 0x0800087c   Section        0  stm32f1xx_hal_gpio.o(i.HAL_GPIO_EXTI_Callback)
    i.HAL_GPIO_EXTI_IRQHandler               0x08000880   Section        0  stm32f1xx_hal_gpio.o(i.HAL_GPIO_EXTI_IRQHandler)
    i.HAL_GPIO_Init                          0x08000898   Section        0  stm32f1xx_hal_gpio.o(i.HAL_GPIO_Init)
    i.HAL_GPIO_WritePin                      0x08000a54   Section        0  stm32f1xx_hal_gpio.o(i.HAL_GPIO_WritePin)
    i.HAL_GetTick                            0x08000a60   Section        0  stm32f1xx_hal.o(i.HAL_GetTick)
    i.HAL_IncTick                            0x08000a6c   Section        0  stm32f1xx_hal.o(i.HAL_IncTick)
    i.HAL_Init                               0x08000a7c   Section        0  stm32f1xx_hal.o(i.HAL_Init)
    i.HAL_InitTick                           0x08000aa0   Section        0  stm32f1xx_hal.o(i.HAL_InitTick)
    i.HAL_MspInit                            0x08000ae0   Section        0  stm32f1xx_hal_msp.o(i.HAL_MspInit)
    i.HAL_NVIC_EnableIRQ                     0x08000b60   Section        0  stm32f1xx_hal_cortex.o(i.HAL_NVIC_EnableIRQ)
    i.HAL_NVIC_SetPriority                   0x08000b78   Section        0  stm32f1xx_hal_cortex.o(i.HAL_NVIC_SetPriority)
    i.HAL_NVIC_SetPriorityGrouping           0x08000bb8   Section        0  stm32f1xx_hal_cortex.o(i.HAL_NVIC_SetPriorityGrouping)
    i.HAL_PCDEx_PMAConfig                    0x08000bdc   Section        0  stm32f1xx_hal_pcd_ex.o(i.HAL_PCDEx_PMAConfig)
    i.HAL_PCDEx_SetConnectionState           0x08000c10   Section        0  usbd_conf.o(i.HAL_PCDEx_SetConnectionState)
    i.HAL_PCD_DataInStageCallback            0x08000c12   Section        0  usbd_conf.o(i.HAL_PCD_DataInStageCallback)
    i.HAL_PCD_DataOutStageCallback           0x08000c20   Section        0  usbd_conf.o(i.HAL_PCD_DataOutStageCallback)
    i.HAL_PCD_EP_Close                       0x08000c30   Section        0  stm32f1xx_hal_pcd.o(i.HAL_PCD_EP_Close)
    i.HAL_PCD_EP_ClrStall                    0x08000c70   Section        0  stm32f1xx_hal_pcd.o(i.HAL_PCD_EP_ClrStall)
    i.HAL_PCD_EP_GetRxCount                  0x08000cb8   Section        0  stm32f1xx_hal_pcd.o(i.HAL_PCD_EP_GetRxCount)
    i.HAL_PCD_EP_Open                        0x08000cc8   Section        0  stm32f1xx_hal_pcd.o(i.HAL_PCD_EP_Open)
    i.HAL_PCD_EP_Receive                     0x08000d0c   Section        0  stm32f1xx_hal_pcd.o(i.HAL_PCD_EP_Receive)
    i.HAL_PCD_EP_SetStall                    0x08000d3a   Section        0  stm32f1xx_hal_pcd.o(i.HAL_PCD_EP_SetStall)
    i.HAL_PCD_EP_Transmit                    0x08000d90   Section        0  stm32f1xx_hal_pcd.o(i.HAL_PCD_EP_Transmit)
    i.HAL_PCD_IRQHandler                     0x08000dba   Section        0  stm32f1xx_hal_pcd.o(i.HAL_PCD_IRQHandler)
    i.HAL_PCD_Init                           0x08000ec8   Section        0  stm32f1xx_hal_pcd.o(i.HAL_PCD_Init)
    i.HAL_PCD_MspInit                        0x08000f88   Section        0  usbd_conf.o(i.HAL_PCD_MspInit)
    i.HAL_PCD_ResetCallback                  0x08000fd4   Section        0  usbd_conf.o(i.HAL_PCD_ResetCallback)
    i.HAL_PCD_ResumeCallback                 0x08000fee   Section        0  usbd_conf.o(i.HAL_PCD_ResumeCallback)
    i.HAL_PCD_SOFCallback                    0x08000ff6   Section        0  usbd_conf.o(i.HAL_PCD_SOFCallback)
    i.HAL_PCD_SetAddress                     0x08000ffe   Section        0  stm32f1xx_hal_pcd.o(i.HAL_PCD_SetAddress)
    i.HAL_PCD_SetupStageCallback             0x08001026   Section        0  usbd_conf.o(i.HAL_PCD_SetupStageCallback)
    i.HAL_PCD_Start                          0x08001034   Section        0  stm32f1xx_hal_pcd.o(i.HAL_PCD_Start)
    i.HAL_PCD_SuspendCallback                0x08001068   Section        0  usbd_conf.o(i.HAL_PCD_SuspendCallback)
    i.HAL_RCCEx_PeriphCLKConfig              0x0800108c   Section        0  stm32f1xx_hal_rcc_ex.o(i.HAL_RCCEx_PeriphCLKConfig)
    i.HAL_RCC_ClockConfig                    0x08001178   Section        0  stm32f1xx_hal_rcc.o(i.HAL_RCC_ClockConfig)
    i.HAL_RCC_GetHCLKFreq                    0x080012cc   Section        0  stm32f1xx_hal_rcc.o(i.HAL_RCC_GetHCLKFreq)
    i.HAL_RCC_GetSysClockFreq                0x080012d8   Section        0  stm32f1xx_hal_rcc.o(i.HAL_RCC_GetSysClockFreq)
    i.HAL_RCC_OscConfig                      0x08001344   Section        0  stm32f1xx_hal_rcc.o(i.HAL_RCC_OscConfig)
    i.HAL_SYSTICK_CLKSourceConfig            0x08001648   Section        0  stm32f1xx_hal_cortex.o(i.HAL_SYSTICK_CLKSourceConfig)
    i.HAL_SYSTICK_Callback                   0x08001660   Section        0  stm32f1xx_hal_cortex.o(i.HAL_SYSTICK_Callback)
    i.HAL_SYSTICK_Config                     0x08001662   Section        0  stm32f1xx_hal_cortex.o(i.HAL_SYSTICK_Config)
    i.HAL_SYSTICK_IRQHandler                 0x0800168a   Section        0  stm32f1xx_hal_cortex.o(i.HAL_SYSTICK_IRQHandler)
    i.HAL_TIMEx_ConfigBreakDeadTime          0x08001692   Section        0  stm32f1xx_hal_tim_ex.o(i.HAL_TIMEx_ConfigBreakDeadTime)
    i.HAL_TIMEx_MasterConfigSynchronization  0x080016ec   Section        0  stm32f1xx_hal_tim_ex.o(i.HAL_TIMEx_MasterConfigSynchronization)
    i.HAL_TIM_Base_Init                      0x0800173c   Section        0  stm32f1xx_hal_tim.o(i.HAL_TIM_Base_Init)
    i.HAL_TIM_Base_MspInit                   0x08001774   Section        0  stm32f1xx_hal_msp.o(i.HAL_TIM_Base_MspInit)
    i.HAL_TIM_ConfigClockSource              0x080017b0   Section        0  stm32f1xx_hal_tim.o(i.HAL_TIM_ConfigClockSource)
    i.HAL_TIM_MspPostInit                    0x080018a4   Section        0  stm32f1xx_hal_msp.o(i.HAL_TIM_MspPostInit)
    i.HAL_TIM_OnePulse_Init                  0x080018d0   Section        0  stm32f1xx_hal_tim.o(i.HAL_TIM_OnePulse_Init)
    i.HAL_TIM_OnePulse_MspInit               0x0800191a   Section        0  stm32f1xx_hal_tim.o(i.HAL_TIM_OnePulse_MspInit)
    i.HAL_TIM_PWM_ConfigChannel              0x0800191c   Section        0  stm32f1xx_hal_tim.o(i.HAL_TIM_PWM_ConfigChannel)
    i.HAL_TIM_PWM_Init                       0x080019ec   Section        0  stm32f1xx_hal_tim.o(i.HAL_TIM_PWM_Init)
    i.HAL_TIM_PWM_MspInit                    0x08001a22   Section        0  stm32f1xx_hal_tim.o(i.HAL_TIM_PWM_MspInit)
    i.HAL_TIM_PWM_Start                      0x08001a24   Section        0  stm32f1xx_hal_tim.o(i.HAL_TIM_PWM_Start)
    i.HardFault_Handler                      0x08001a54   Section        0  stm32f1xx_it.o(i.HardFault_Handler)
    i.MX_GPIO_Init                           0x08001a58   Section        0  main.o(i.MX_GPIO_Init)
    MX_GPIO_Init                             0x08001a59   Thumb Code   314  main.o(i.MX_GPIO_Init)
    i.MX_TIM1_Init                           0x08001ba8   Section        0  main.o(i.MX_TIM1_Init)
    MX_TIM1_Init                             0x08001ba9   Thumb Code   198  main.o(i.MX_TIM1_Init)
    i.MX_USB_DEVICE_Init                     0x08001c78   Section        0  usb_device.o(i.MX_USB_DEVICE_Init)
    i.MemManage_Handler                      0x08001cb0   Section        0  stm32f1xx_it.o(i.MemManage_Handler)
    i.NMI_Handler                            0x08001cb2   Section        0  stm32f1xx_it.o(i.NMI_Handler)
    i.NVIC_SetPriority                       0x08001cb4   Section        0  stm32f1xx_hal_cortex.o(i.NVIC_SetPriority)
    NVIC_SetPriority                         0x08001cb5   Thumb Code    32  stm32f1xx_hal_cortex.o(i.NVIC_SetPriority)
    i.PCD_EP_ISR_Handler                     0x08001cd4   Section        0  stm32f1xx_hal_pcd.o(i.PCD_EP_ISR_Handler)
    PCD_EP_ISR_Handler                       0x08001cd5   Thumb Code   866  stm32f1xx_hal_pcd.o(i.PCD_EP_ISR_Handler)
    i.PendSV_Handler                         0x08002036   Section        0  stm32f1xx_it.o(i.PendSV_Handler)
    i.SVC_Handler                            0x08002038   Section        0  stm32f1xx_it.o(i.SVC_Handler)
    i.SysTick_Handler                        0x0800203a   Section        0  stm32f1xx_it.o(i.SysTick_Handler)
    i.SystemClock_Config                     0x08002048   Section        0  main.o(i.SystemClock_Config)
    i.SystemInit                             0x080020c0   Section        0  system_stm32f1xx.o(i.SystemInit)
    i.TIM1_UP_IRQHandler                     0x08002108   Section        0  stm32f1xx_it.o(i.TIM1_UP_IRQHandler)
    i.TIM_Base_SetConfig                     0x080021a8   Section        0  stm32f1xx_hal_tim.o(i.TIM_Base_SetConfig)
    i.TIM_CCxChannelCmd                      0x08002214   Section        0  stm32f1xx_hal_tim.o(i.TIM_CCxChannelCmd)
    i.TIM_ETR_SetConfig                      0x0800222a   Section        0  stm32f1xx_hal_tim.o(i.TIM_ETR_SetConfig)
    TIM_ETR_SetConfig                        0x0800222b   Thumb Code    20  stm32f1xx_hal_tim.o(i.TIM_ETR_SetConfig)
    i.TIM_ITRx_SetConfig                     0x0800223e   Section        0  stm32f1xx_hal_tim.o(i.TIM_ITRx_SetConfig)
    TIM_ITRx_SetConfig                       0x0800223f   Thumb Code    16  stm32f1xx_hal_tim.o(i.TIM_ITRx_SetConfig)
    i.TIM_OC1_SetConfig                      0x08002250   Section        0  stm32f1xx_hal_tim.o(i.TIM_OC1_SetConfig)
    TIM_OC1_SetConfig                        0x08002251   Thumb Code    74  stm32f1xx_hal_tim.o(i.TIM_OC1_SetConfig)
    i.TIM_OC2_SetConfig                      0x080022a0   Section        0  stm32f1xx_hal_tim.o(i.TIM_OC2_SetConfig)
    i.TIM_OC3_SetConfig                      0x080022f8   Section        0  stm32f1xx_hal_tim.o(i.TIM_OC3_SetConfig)
    TIM_OC3_SetConfig                        0x080022f9   Thumb Code    82  stm32f1xx_hal_tim.o(i.TIM_OC3_SetConfig)
    i.TIM_OC4_SetConfig                      0x08002350   Section        0  stm32f1xx_hal_tim.o(i.TIM_OC4_SetConfig)
    TIM_OC4_SetConfig                        0x08002351   Thumb Code    64  stm32f1xx_hal_tim.o(i.TIM_OC4_SetConfig)
    i.TIM_TI1_ConfigInputStage               0x08002394   Section        0  stm32f1xx_hal_tim.o(i.TIM_TI1_ConfigInputStage)
    TIM_TI1_ConfigInputStage                 0x08002395   Thumb Code    34  stm32f1xx_hal_tim.o(i.TIM_TI1_ConfigInputStage)
    i.TIM_TI2_ConfigInputStage               0x080023b6   Section        0  stm32f1xx_hal_tim.o(i.TIM_TI2_ConfigInputStage)
    TIM_TI2_ConfigInputStage                 0x080023b7   Thumb Code    36  stm32f1xx_hal_tim.o(i.TIM_TI2_ConfigInputStage)
    i.USBD_CDC_DataIn                        0x080023da   Section        0  usbd_cdc.o(i.USBD_CDC_DataIn)
    USBD_CDC_DataIn                          0x080023db   Thumb Code    20  usbd_cdc.o(i.USBD_CDC_DataIn)
    i.USBD_CDC_DataOut                       0x080023ee   Section        0  usbd_cdc.o(i.USBD_CDC_DataOut)
    USBD_CDC_DataOut                         0x080023ef   Thumb Code    46  usbd_cdc.o(i.USBD_CDC_DataOut)
    i.USBD_CDC_DeInit                        0x0800241c   Section        0  usbd_cdc.o(i.USBD_CDC_DeInit)
    USBD_CDC_DeInit                          0x0800241d   Thumb Code    60  usbd_cdc.o(i.USBD_CDC_DeInit)
    i.USBD_CDC_EP0_RxReady                   0x08002458   Section        0  usbd_cdc.o(i.USBD_CDC_EP0_RxReady)
    USBD_CDC_EP0_RxReady                     0x08002459   Thumb Code    36  usbd_cdc.o(i.USBD_CDC_EP0_RxReady)
    i.USBD_CDC_GetDeviceQualifierDescriptor  0x0800247c   Section        0  usbd_cdc.o(i.USBD_CDC_GetDeviceQualifierDescriptor)
    i.USBD_CDC_GetFSCfgDesc                  0x08002488   Section        0  usbd_cdc.o(i.USBD_CDC_GetFSCfgDesc)
    USBD_CDC_GetFSCfgDesc                    0x08002489   Thumb Code     8  usbd_cdc.o(i.USBD_CDC_GetFSCfgDesc)
    i.USBD_CDC_GetHSCfgDesc                  0x08002494   Section        0  usbd_cdc.o(i.USBD_CDC_GetHSCfgDesc)
    USBD_CDC_GetHSCfgDesc                    0x08002495   Thumb Code     8  usbd_cdc.o(i.USBD_CDC_GetHSCfgDesc)
    i.USBD_CDC_GetOtherSpeedCfgDesc          0x080024a0   Section        0  usbd_cdc.o(i.USBD_CDC_GetOtherSpeedCfgDesc)
    USBD_CDC_GetOtherSpeedCfgDesc            0x080024a1   Thumb Code     8  usbd_cdc.o(i.USBD_CDC_GetOtherSpeedCfgDesc)
    i.USBD_CDC_Init                          0x080024ac   Section        0  usbd_cdc.o(i.USBD_CDC_Init)
    USBD_CDC_Init                            0x080024ad   Thumb Code   136  usbd_cdc.o(i.USBD_CDC_Init)
    i.USBD_CDC_ReceivePacket                 0x08002534   Section        0  usbd_cdc.o(i.USBD_CDC_ReceivePacket)
    i.USBD_CDC_RegisterInterface             0x0800255c   Section        0  usbd_cdc.o(i.USBD_CDC_RegisterInterface)
    i.USBD_CDC_SetRxBuffer                   0x0800256c   Section        0  usbd_cdc.o(i.USBD_CDC_SetRxBuffer)
    i.USBD_CDC_SetTxBuffer                   0x08002578   Section        0  usbd_cdc.o(i.USBD_CDC_SetTxBuffer)
    i.USBD_CDC_Setup                         0x08002588   Section        0  usbd_cdc.o(i.USBD_CDC_Setup)
    USBD_CDC_Setup                           0x08002589   Thumb Code   106  usbd_cdc.o(i.USBD_CDC_Setup)
    i.USBD_CDC_TransmitPacket                0x080025f8   Section        0  usbd_cdc.o(i.USBD_CDC_TransmitPacket)
    i.USBD_ClrClassConfig                    0x08002628   Section        0  usbd_core.o(i.USBD_ClrClassConfig)
    i.USBD_CtlContinueRx                     0x08002636   Section        0  usbd_ioreq.o(i.USBD_CtlContinueRx)
    i.USBD_CtlContinueSendData               0x08002646   Section        0  usbd_ioreq.o(i.USBD_CtlContinueSendData)
    i.USBD_CtlError                          0x08002656   Section        0  usbd_ctlreq.o(i.USBD_CtlError)
    i.USBD_CtlPrepareRx                      0x0800266c   Section        0  usbd_ioreq.o(i.USBD_CtlPrepareRx)
    i.USBD_CtlReceiveStatus                  0x0800268a   Section        0  usbd_ioreq.o(i.USBD_CtlReceiveStatus)
    i.USBD_CtlSendData                       0x080026a0   Section        0  usbd_ioreq.o(i.USBD_CtlSendData)
    i.USBD_CtlSendStatus                     0x080026ba   Section        0  usbd_ioreq.o(i.USBD_CtlSendStatus)
    i.USBD_FS_ConfigStrDescriptor            0x080026d0   Section        0  usbd_desc.o(i.USBD_FS_ConfigStrDescriptor)
    i.USBD_FS_DeviceDescriptor               0x080026f0   Section        0  usbd_desc.o(i.USBD_FS_DeviceDescriptor)
    i.USBD_FS_InterfaceStrDescriptor         0x080026fc   Section        0  usbd_desc.o(i.USBD_FS_InterfaceStrDescriptor)
    i.USBD_FS_LangIDStrDescriptor            0x08002720   Section        0  usbd_desc.o(i.USBD_FS_LangIDStrDescriptor)
    i.USBD_FS_ManufacturerStrDescriptor      0x0800272c   Section        0  usbd_desc.o(i.USBD_FS_ManufacturerStrDescriptor)
    i.USBD_FS_ProductStrDescriptor           0x08002754   Section        0  usbd_desc.o(i.USBD_FS_ProductStrDescriptor)
    i.USBD_FS_SerialStrDescriptor            0x08002780   Section        0  usbd_desc.o(i.USBD_FS_SerialStrDescriptor)
    i.USBD_GetDescriptor                     0x080027a4   Section        0  usbd_ctlreq.o(i.USBD_GetDescriptor)
    USBD_GetDescriptor                       0x080027a5   Thumb Code   224  usbd_ctlreq.o(i.USBD_GetDescriptor)
    i.USBD_GetString                         0x08002884   Section        0  usbd_ctlreq.o(i.USBD_GetString)
    i.USBD_Init                              0x080028ca   Section        0  usbd_core.o(i.USBD_Init)
    i.USBD_LL_ClearStallEP                   0x080028f4   Section        0  usbd_conf.o(i.USBD_LL_ClearStallEP)
    i.USBD_LL_CloseEP                        0x08002914   Section        0  usbd_conf.o(i.USBD_LL_CloseEP)
    i.USBD_LL_DataInStage                    0x08002934   Section        0  usbd_core.o(i.USBD_LL_DataInStage)
    i.USBD_LL_DataOutStage                   0x080029de   Section        0  usbd_core.o(i.USBD_LL_DataOutStage)
    i.USBD_LL_GetRxDataSize                  0x08002a48   Section        0  usbd_conf.o(i.USBD_LL_GetRxDataSize)
    i.USBD_LL_Init                           0x08002a50   Section        0  usbd_conf.o(i.USBD_LL_Init)
    i.USBD_LL_IsStallEP                      0x08002af0   Section        0  usbd_conf.o(i.USBD_LL_IsStallEP)
    i.USBD_LL_OpenEP                         0x08002b0c   Section        0  usbd_conf.o(i.USBD_LL_OpenEP)
    i.USBD_LL_PrepareReceive                 0x08002b32   Section        0  usbd_conf.o(i.USBD_LL_PrepareReceive)
    i.USBD_LL_Reset                          0x08002b52   Section        0  usbd_core.o(i.USBD_LL_Reset)
    i.USBD_LL_Resume                         0x08002b90   Section        0  usbd_core.o(i.USBD_LL_Resume)
    i.USBD_LL_SOF                            0x08002b9c   Section        0  usbd_core.o(i.USBD_LL_SOF)
    i.USBD_LL_SetSpeed                       0x08002bb4   Section        0  usbd_core.o(i.USBD_LL_SetSpeed)
    i.USBD_LL_SetUSBAddress                  0x08002bba   Section        0  usbd_conf.o(i.USBD_LL_SetUSBAddress)
    i.USBD_LL_SetupStage                     0x08002bda   Section        0  usbd_core.o(i.USBD_LL_SetupStage)
    i.USBD_LL_StallEP                        0x08002c34   Section        0  usbd_conf.o(i.USBD_LL_StallEP)
    i.USBD_LL_Start                          0x08002c54   Section        0  usbd_conf.o(i.USBD_LL_Start)
    i.USBD_LL_Suspend                        0x08002c74   Section        0  usbd_core.o(i.USBD_LL_Suspend)
    i.USBD_LL_Transmit                       0x08002c86   Section        0  usbd_conf.o(i.USBD_LL_Transmit)
    i.USBD_ParseSetupRequest                 0x08002ca6   Section        0  usbd_ctlreq.o(i.USBD_ParseSetupRequest)
    i.USBD_RegisterClass                     0x08002cce   Section        0  usbd_core.o(i.USBD_RegisterClass)
    i.USBD_SetClassConfig                    0x08002cde   Section        0  usbd_core.o(i.USBD_SetClassConfig)
    i.USBD_SetConfig                         0x08002cf4   Section        0  usbd_ctlreq.o(i.USBD_SetConfig)
    USBD_SetConfig                           0x08002cf5   Thumb Code   110  usbd_ctlreq.o(i.USBD_SetConfig)
    i.USBD_Start                             0x08002d68   Section        0  usbd_core.o(i.USBD_Start)
    i.USBD_StdDevReq                         0x08002d72   Section        0  usbd_ctlreq.o(i.USBD_StdDevReq)
    i.USBD_StdEPReq                          0x08002e64   Section        0  usbd_ctlreq.o(i.USBD_StdEPReq)
    i.USBD_StdItfReq                         0x08002f40   Section        0  usbd_ctlreq.o(i.USBD_StdItfReq)
    i.USBD_static_free                       0x08002f74   Section        0  usbd_conf.o(i.USBD_static_free)
    i.USBD_static_malloc                     0x08002f78   Section        0  usbd_conf.o(i.USBD_static_malloc)
    i.USB_ActivateEndpoint                   0x08002f80   Section        0  stm32f1xx_ll_usb.o(i.USB_ActivateEndpoint)
    i.USB_CoreInit                           0x080031dc   Section        0  stm32f1xx_ll_usb.o(i.USB_CoreInit)
    i.USB_DeactivateEndpoint                 0x080031e0   Section        0  stm32f1xx_ll_usb.o(i.USB_DeactivateEndpoint)
    i.USB_DevConnect                         0x08003304   Section        0  stm32f1xx_ll_usb.o(i.USB_DevConnect)
    i.USB_DevDisconnect                      0x08003308   Section        0  stm32f1xx_ll_usb.o(i.USB_DevDisconnect)
    i.USB_DevInit                            0x0800330c   Section        0  stm32f1xx_ll_usb.o(i.USB_DevInit)
    i.USB_DisableGlobalInt                   0x0800332a   Section        0  stm32f1xx_ll_usb.o(i.USB_DisableGlobalInt)
    i.USB_EP0_OutStart                       0x08003338   Section        0  stm32f1xx_ll_usb.o(i.USB_EP0_OutStart)
    i.USB_EPClearStall                       0x0800333c   Section        0  stm32f1xx_ll_usb.o(i.USB_EPClearStall)
    i.USB_EPSetStall                         0x080033a6   Section        0  stm32f1xx_ll_usb.o(i.USB_EPSetStall)
    i.USB_EPStartXfer                        0x080033f0   Section        0  stm32f1xx_ll_usb.o(i.USB_EPStartXfer)
    i.USB_EnableGlobalInt                    0x0800359a   Section        0  stm32f1xx_ll_usb.o(i.USB_EnableGlobalInt)
    i.USB_HP_CAN1_TX_IRQHandler              0x080035a8   Section        0  stm32f1xx_it.o(i.USB_HP_CAN1_TX_IRQHandler)
    i.USB_LP_CAN1_RX0_IRQHandler             0x080035b4   Section        0  stm32f1xx_it.o(i.USB_LP_CAN1_RX0_IRQHandler)
    i.USB_ReadInterrupts                     0x080035c0   Section        0  stm32f1xx_ll_usb.o(i.USB_ReadInterrupts)
    i.USB_ReadPMA                            0x080035c8   Section        0  stm32f1xx_ll_usb.o(i.USB_ReadPMA)
    i.USB_SetCurrentMode                     0x080035e6   Section        0  stm32f1xx_ll_usb.o(i.USB_SetCurrentMode)
    i.USB_SetDevAddress                      0x080035ea   Section        0  stm32f1xx_ll_usb.o(i.USB_SetDevAddress)
    i.USB_WritePMA                           0x080035f6   Section        0  stm32f1xx_ll_usb.o(i.USB_WritePMA)
    i.USER_Compute_Pwm_Period                0x0800361c   Section        0  main.o(i.USER_Compute_Pwm_Period)
    USER_Compute_Pwm_Period                  0x0800361d   Thumb Code   256  main.o(i.USER_Compute_Pwm_Period)
    i.USER_Decode_Msg                        0x0800376c   Section        0  main.o(i.USER_Decode_Msg)
    USER_Decode_Msg                          0x0800376d   Thumb Code  1532  main.o(i.USER_Decode_Msg)
    i.USER_ExtractNumber_FromString          0x08003d78   Section        0  main.o(i.USER_ExtractNumber_FromString)
    USER_ExtractNumber_FromString            0x08003d79   Thumb Code    48  main.o(i.USER_ExtractNumber_FromString)
    i.USER_Pass_MsgFlag                      0x08003da8   Section        0  main.o(i.USER_Pass_MsgFlag)
    i.USER_Set_Load_Dir                      0x08003db4   Section        0  main.o(i.USER_Set_Load_Dir)
    USER_Set_Load_Dir                        0x08003db5   Thumb Code    66  main.o(i.USER_Set_Load_Dir)
    i.UsageFault_Handler                     0x08003e00   Section        0  stm32f1xx_it.o(i.UsageFault_Handler)
    i._Error_Handler                         0x08003e02   Section        0  main.o(i._Error_Handler)
    i.__0sprintf                             0x08003e04   Section        0  printfa.o(i.__0sprintf)
    i.__scatterload_copy                     0x08003e2c   Section       14  handlers.o(i.__scatterload_copy)
    i.__scatterload_null                     0x08003e3a   Section        2  handlers.o(i.__scatterload_null)
    i.__scatterload_zeroinit                 0x08003e3c   Section       14  handlers.o(i.__scatterload_zeroinit)
    i._fp_digits                             0x08003e4c   Section        0  printfa.o(i._fp_digits)
    _fp_digits                               0x08003e4d   Thumb Code   334  printfa.o(i._fp_digits)
    i._printf_core                           0x08003fb0   Section        0  printfa.o(i._printf_core)
    _printf_core                             0x08003fb1   Thumb Code  1744  printfa.o(i._printf_core)
    i._printf_post_padding                   0x0800468c   Section        0  printfa.o(i._printf_post_padding)
    _printf_post_padding                     0x0800468d   Thumb Code    36  printfa.o(i._printf_post_padding)
    i._printf_pre_padding                    0x080046b0   Section        0  printfa.o(i._printf_pre_padding)
    _printf_pre_padding                      0x080046b1   Thumb Code    46  printfa.o(i._printf_pre_padding)
    i._sputc                                 0x080046de   Section        0  printfa.o(i._sputc)
    _sputc                                   0x080046df   Thumb Code    10  printfa.o(i._sputc)
    i.main                                   0x080046e8   Section        0  main.o(i.main)
    .constdata                               0x0800472c   Section       16  system_stm32f1xx.o(.constdata)
    .data                                    0x20000000   Section        4  system_stm32f1xx.o(.data)
    .data                                    0x20000004   Section       12  stm32f1xx_hal.o(.data)
    .data                                    0x20000010   Section      219  usbd_cdc.o(.data)
    ifalt                                    0x20000010   Data           1  usbd_cdc.o(.data)
    USBD_CDC_DeviceQualifierDesc             0x20000014   Data          10  usbd_cdc.o(.data)
    .data                                    0x200000ec   Section       56  usbd_cdc.o(.data)
    .data                                    0x20000124   Section        1  usbd_ctlreq.o(.data)
    cfgidx                                   0x20000124   Data           1  usbd_ctlreq.o(.data)
    .data                                    0x20000128   Section       28  usbd_desc.o(.data)
    .data                                    0x20000144   Section       22  usbd_desc.o(.data)
    .data                                    0x2000015a   Section        4  usbd_cdc_if.o(.data)
    .data                                    0x20000160   Section       16  usbd_cdc_if.o(.data)
    .data                                    0x20000170   Section      158  main.o(.data)
    .data                                    0x2000020e   Section        1  main.o(.data)
    .data                                    0x20000210   Section        4  main.o(.data)
    .bss                                     0x20000214   Section     1664  usbd_conf.o(.bss)
    mem                                      0x20000214   Data         544  usbd_conf.o(.bss)
    .bss                                     0x20000894   Section      512  usbd_desc.o(.bss)
    .bss                                     0x20000a94   Section      548  usb_device.o(.bss)
    .bss                                     0x20000cb8   Section     3000  usbd_cdc_if.o(.bss)
    .bss                                     0x20001870   Section     1000  usbd_cdc_if.o(.bss)
    .bss                                     0x20001c58   Section       64  main.o(.bss)
    STACK                                    0x20001c98   Section     1024  startup_stm32f103xb.o(STACK)

    Global Symbols

    Symbol Name                              Value     Ov Type        Size  Object(Section)

    BuildAttributes$$THM_ISAv4$P$D$K$B$S$PE$A:L22UL41UL21$X:L11$S22US41US21$IEEE1$IW$USESV6$~STKCKD$USESV7$~SHL$OSPACE$ROPI$EBA8$MICROLIB$REQ8$PRES8$EABIv2 0x00000000   Number         0  anon$$obj.o ABSOLUTE
    __ARM_use_no_argv                        0x00000000   Number         0  main.o ABSOLUTE
    _printf_a                                0x00000000   Number         0  stubs.o ABSOLUTE
    _printf_c                                0x00000000   Number         0  stubs.o ABSOLUTE
    _printf_charcount                        0x00000000   Number         0  stubs.o ABSOLUTE
    _printf_d                                0x00000000   Number         0  stubs.o ABSOLUTE
    _printf_e                                0x00000000   Number         0  stubs.o ABSOLUTE
    _printf_f                                0x00000000   Number         0  stubs.o ABSOLUTE
    _printf_flags                            0x00000000   Number         0  stubs.o ABSOLUTE
    _printf_fp_dec                           0x00000000   Number         0  stubs.o ABSOLUTE
    _printf_fp_hex                           0x00000000   Number         0  stubs.o ABSOLUTE
    _printf_g                                0x00000000   Number         0  stubs.o ABSOLUTE
    _printf_i                                0x00000000   Number         0  stubs.o ABSOLUTE
    _printf_int_dec                          0x00000000   Number         0  stubs.o ABSOLUTE
    _printf_l                                0x00000000   Number         0  stubs.o ABSOLUTE
    _printf_lc                               0x00000000   Number         0  stubs.o ABSOLUTE
    _printf_ll                               0x00000000   Number         0  stubs.o ABSOLUTE
    _printf_lld                              0x00000000   Number         0  stubs.o ABSOLUTE
    _printf_lli                              0x00000000   Number         0  stubs.o ABSOLUTE
    _printf_llo                              0x00000000   Number         0  stubs.o ABSOLUTE
    _printf_llu                              0x00000000   Number         0  stubs.o ABSOLUTE
    _printf_llx                              0x00000000   Number         0  stubs.o ABSOLUTE
    _printf_longlong_dec                     0x00000000   Number         0  stubs.o ABSOLUTE
    _printf_longlong_hex                     0x00000000   Number         0  stubs.o ABSOLUTE
    _printf_longlong_oct                     0x00000000   Number         0  stubs.o ABSOLUTE
    _printf_ls                               0x00000000   Number         0  stubs.o ABSOLUTE
    _printf_mbtowc                           0x00000000   Number         0  stubs.o ABSOLUTE
    _printf_n                                0x00000000   Number         0  stubs.o ABSOLUTE
    _printf_o                                0x00000000   Number         0  stubs.o ABSOLUTE
    _printf_p                                0x00000000   Number         0  stubs.o ABSOLUTE
    _printf_percent                          0x00000000   Number         0  stubs.o ABSOLUTE
    _printf_pre_padding                      0x00000000   Number         0  stubs.o ABSOLUTE
    _printf_return_value                     0x00000000   Number         0  stubs.o ABSOLUTE
    _printf_s                                0x00000000   Number         0  stubs.o ABSOLUTE
    _printf_sizespec                         0x00000000   Number         0  stubs.o ABSOLUTE
    _printf_str                              0x00000000   Number         0  stubs.o ABSOLUTE
    _printf_truncate_signed                  0x00000000   Number         0  stubs.o ABSOLUTE
    _printf_truncate_unsigned                0x00000000   Number         0  stubs.o ABSOLUTE
    _printf_u                                0x00000000   Number         0  stubs.o ABSOLUTE
    _printf_wc                               0x00000000   Number         0  stubs.o ABSOLUTE
    _printf_wctomb                           0x00000000   Number         0  stubs.o ABSOLUTE
    _printf_widthprec                        0x00000000   Number         0  stubs.o ABSOLUTE
    _printf_x                                0x00000000   Number         0  stubs.o ABSOLUTE
    __cpp_initialize__aeabi_                  - Undefined Weak Reference
    __cxa_finalize                            - Undefined Weak Reference
    _clock_init                               - Undefined Weak Reference
    _microlib_exit                            - Undefined Weak Reference
    __Vectors_Size                           0x000000ec   Number         0  startup_stm32f103xb.o ABSOLUTE
    __Vectors                                0x08000000   Data           4  startup_stm32f103xb.o(RESET)
    __Vectors_End                            0x080000ec   Data           0  startup_stm32f103xb.o(RESET)
    __main                                   0x080000ed   Thumb Code     0  entry.o(.ARM.Collect$$$$00000000)
    _main_stk                                0x080000ed   Thumb Code     0  entry2.o(.ARM.Collect$$$$00000001)
    _main_scatterload                        0x080000f1   Thumb Code     0  entry5.o(.ARM.Collect$$$$00000004)
    __main_after_scatterload                 0x080000f5   Thumb Code     0  entry5.o(.ARM.Collect$$$$00000004)
    _main_clock                              0x080000f5   Thumb Code     0  entry7b.o(.ARM.Collect$$$$00000008)
    _main_cpp_init                           0x080000f5   Thumb Code     0  entry8b.o(.ARM.Collect$$$$0000000A)
    _main_init                               0x080000f5   Thumb Code     0  entry9a.o(.ARM.Collect$$$$0000000B)
    __rt_final_cpp                           0x080000fd   Thumb Code     0  entry10a.o(.ARM.Collect$$$$0000000D)
    __rt_final_exit                          0x080000fd   Thumb Code     0  entry11a.o(.ARM.Collect$$$$0000000F)
    Reset_Handler                            0x08000101   Thumb Code     8  startup_stm32f103xb.o(.text)
    ADC1_2_IRQHandler                        0x0800011b   Thumb Code     0  startup_stm32f103xb.o(.text)
    CAN1_RX1_IRQHandler                      0x0800011b   Thumb Code     0  startup_stm32f103xb.o(.text)
    CAN1_SCE_IRQHandler                      0x0800011b   Thumb Code     0  startup_stm32f103xb.o(.text)
    DMA1_Channel1_IRQHandler                 0x0800011b   Thumb Code     0  startup_stm32f103xb.o(.text)
    DMA1_Channel2_IRQHandler                 0x0800011b   Thumb Code     0  startup_stm32f103xb.o(.text)
    DMA1_Channel3_IRQHandler                 0x0800011b   Thumb Code     0  startup_stm32f103xb.o(.text)
    DMA1_Channel4_IRQHandler                 0x0800011b   Thumb Code     0  startup_stm32f103xb.o(.text)
    DMA1_Channel5_IRQHandler                 0x0800011b   Thumb Code     0  startup_stm32f103xb.o(.text)
    DMA1_Channel6_IRQHandler                 0x0800011b   Thumb Code     0  startup_stm32f103xb.o(.text)
    DMA1_Channel7_IRQHandler                 0x0800011b   Thumb Code     0  startup_stm32f103xb.o(.text)
    EXTI0_IRQHandler                         0x0800011b   Thumb Code     0  startup_stm32f103xb.o(.text)
    EXTI15_10_IRQHandler                     0x0800011b   Thumb Code     0  startup_stm32f103xb.o(.text)
    EXTI2_IRQHandler                         0x0800011b   Thumb Code     0  startup_stm32f103xb.o(.text)
    EXTI3_IRQHandler                         0x0800011b   Thumb Code     0  startup_stm32f103xb.o(.text)
    EXTI4_IRQHandler                         0x0800011b   Thumb Code     0  startup_stm32f103xb.o(.text)
    EXTI9_5_IRQHandler                       0x0800011b   Thumb Code     0  startup_stm32f103xb.o(.text)
    FLASH_IRQHandler                         0x0800011b   Thumb Code     0  startup_stm32f103xb.o(.text)
    I2C1_ER_IRQHandler                       0x0800011b   Thumb Code     0  startup_stm32f103xb.o(.text)
    I2C1_EV_IRQHandler                       0x0800011b   Thumb Code     0  startup_stm32f103xb.o(.text)
    I2C2_ER_IRQHandler                       0x0800011b   Thumb Code     0  startup_stm32f103xb.o(.text)
    I2C2_EV_IRQHandler                       0x0800011b   Thumb Code     0  startup_stm32f103xb.o(.text)
    PVD_IRQHandler                           0x0800011b   Thumb Code     0  startup_stm32f103xb.o(.text)
    RCC_IRQHandler                           0x0800011b   Thumb Code     0  startup_stm32f103xb.o(.text)
    RTC_Alarm_IRQHandler                     0x0800011b   Thumb Code     0  startup_stm32f103xb.o(.text)
    RTC_IRQHandler                           0x0800011b   Thumb Code     0  startup_stm32f103xb.o(.text)
    SPI1_IRQHandler                          0x0800011b   Thumb Code     0  startup_stm32f103xb.o(.text)
    SPI2_IRQHandler                          0x0800011b   Thumb Code     0  startup_stm32f103xb.o(.text)
    TAMPER_IRQHandler                        0x0800011b   Thumb Code     0  startup_stm32f103xb.o(.text)
    TIM1_BRK_IRQHandler                      0x0800011b   Thumb Code     0  startup_stm32f103xb.o(.text)
    TIM1_CC_IRQHandler                       0x0800011b   Thumb Code     0  startup_stm32f103xb.o(.text)
    TIM1_TRG_COM_IRQHandler                  0x0800011b   Thumb Code     0  startup_stm32f103xb.o(.text)
    TIM2_IRQHandler                          0x0800011b   Thumb Code     0  startup_stm32f103xb.o(.text)
    TIM3_IRQHandler                          0x0800011b   Thumb Code     0  startup_stm32f103xb.o(.text)
    TIM4_IRQHandler                          0x0800011b   Thumb Code     0  startup_stm32f103xb.o(.text)
    USART1_IRQHandler                        0x0800011b   Thumb Code     0  startup_stm32f103xb.o(.text)
    USART2_IRQHandler                        0x0800011b   Thumb Code     0  startup_stm32f103xb.o(.text)
    USART3_IRQHandler                        0x0800011b   Thumb Code     0  startup_stm32f103xb.o(.text)
    USBWakeUp_IRQHandler                     0x0800011b   Thumb Code     0  startup_stm32f103xb.o(.text)
    WWDG_IRQHandler                          0x0800011b   Thumb Code     0  startup_stm32f103xb.o(.text)
    __aeabi_llsr                             0x08000125   Thumb Code    32  llushr.o(.text)
    _ll_ushift_r                             0x08000125   Thumb Code     0  llushr.o(.text)
    __aeabi_memcpy                           0x08000145   Thumb Code    36  memcpya.o(.text)
    __aeabi_memcpy4                          0x08000145   Thumb Code     0  memcpya.o(.text)
    __aeabi_memcpy8                          0x08000145   Thumb Code     0  memcpya.o(.text)
    strlen                                   0x08000169   Thumb Code    14  strlen.o(.text)
    __aeabi_dadd                             0x08000177   Thumb Code   322  dadd.o(.text)
    __aeabi_dsub                             0x080002b9   Thumb Code     6  dadd.o(.text)
    __aeabi_drsub                            0x080002bf   Thumb Code     6  dadd.o(.text)
    __aeabi_dmul                             0x080002c5   Thumb Code   228  dmul.o(.text)
    __aeabi_ddiv                             0x080003a9   Thumb Code   222  ddiv.o(.text)
    __ARM_scalbn                             0x08000487   Thumb Code    46  dscalb.o(.text)
    scalbn                                   0x08000487   Thumb Code     0  dscalb.o(.text)
    __aeabi_ui2d                             0x080004b5   Thumb Code    26  dfltui.o(.text)
    __aeabi_d2uiz                            0x080004cf   Thumb Code    50  dfixui.o(.text)
    __aeabi_cdrcmple                         0x08000501   Thumb Code    48  cdrcmple.o(.text)
    __aeabi_uidiv                            0x08000531   Thumb Code     0  uidiv.o(.text)
    __aeabi_uidivmod                         0x08000531   Thumb Code    44  uidiv.o(.text)
    __aeabi_uldivmod                         0x0800055d   Thumb Code    98  uldiv.o(.text)
    __aeabi_llsl                             0x080005bf   Thumb Code    30  llshl.o(.text)
    _ll_shift_l                              0x080005bf   Thumb Code     0  llshl.o(.text)
    __aeabi_lasr                             0x080005dd   Thumb Code    36  llsshr.o(.text)
    _ll_sshift_r                             0x080005dd   Thumb Code     0  llsshr.o(.text)
    __I$use$fp                               0x08000601   Thumb Code     0  iusefp.o(.text)
    _double_round                            0x08000601   Thumb Code    30  depilogue.o(.text)
    _double_epilogue                         0x0800061f   Thumb Code   156  depilogue.o(.text)
    __aeabi_d2ulz                            0x080006bb   Thumb Code    48  dfixul.o(.text)
    __scatterload                            0x080006ed   Thumb Code    28  init.o(.text)
    __scatterload_rt2                        0x080006ed   Thumb Code     0  init.o(.text)
    __decompress                             0x08000711   Thumb Code     0  __dczerorl2.o(.text)
    __decompress1                            0x08000711   Thumb Code    86  __dczerorl2.o(.text)
    BusFault_Handler                         0x08000767   Thumb Code     2  stm32f1xx_it.o(i.BusFault_Handler)
    CDC_Transmit_FS                          0x08000839   Thumb Code    52  usbd_cdc_if.o(i.CDC_Transmit_FS)
    DebugMon_Handler                         0x08000875   Thumb Code     2  stm32f1xx_it.o(i.DebugMon_Handler)
    EXTI1_IRQHandler                         0x08000877   Thumb Code     6  stm32f1xx_it.o(i.EXTI1_IRQHandler)
    HAL_GPIO_EXTI_Callback                   0x0800087d   Thumb Code     2  stm32f1xx_hal_gpio.o(i.HAL_GPIO_EXTI_Callback)
    HAL_GPIO_EXTI_IRQHandler                 0x08000881   Thumb Code    18  stm32f1xx_hal_gpio.o(i.HAL_GPIO_EXTI_IRQHandler)
    HAL_GPIO_Init                            0x08000899   Thumb Code   408  stm32f1xx_hal_gpio.o(i.HAL_GPIO_Init)
    HAL_GPIO_WritePin                        0x08000a55   Thumb Code    10  stm32f1xx_hal_gpio.o(i.HAL_GPIO_WritePin)
    HAL_GetTick                              0x08000a61   Thumb Code     6  stm32f1xx_hal.o(i.HAL_GetTick)
    HAL_IncTick                              0x08000a6d   Thumb Code    12  stm32f1xx_hal.o(i.HAL_IncTick)
    HAL_Init                                 0x08000a7d   Thumb Code    32  stm32f1xx_hal.o(i.HAL_Init)
    HAL_InitTick                             0x08000aa1   Thumb Code    54  stm32f1xx_hal.o(i.HAL_InitTick)
    HAL_MspInit                              0x08000ae1   Thumb Code   118  stm32f1xx_hal_msp.o(i.HAL_MspInit)
    HAL_NVIC_EnableIRQ                       0x08000b61   Thumb Code    22  stm32f1xx_hal_cortex.o(i.HAL_NVIC_EnableIRQ)
    HAL_NVIC_SetPriority                     0x08000b79   Thumb Code    60  stm32f1xx_hal_cortex.o(i.HAL_NVIC_SetPriority)
    HAL_NVIC_SetPriorityGrouping             0x08000bb9   Thumb Code    26  stm32f1xx_hal_cortex.o(i.HAL_NVIC_SetPriorityGrouping)
    HAL_PCDEx_PMAConfig                      0x08000bdd   Thumb Code    52  stm32f1xx_hal_pcd_ex.o(i.HAL_PCDEx_PMAConfig)
    HAL_PCDEx_SetConnectionState             0x08000c11   Thumb Code     2  usbd_conf.o(i.HAL_PCDEx_SetConnectionState)
    HAL_PCD_DataInStageCallback              0x08000c13   Thumb Code    14  usbd_conf.o(i.HAL_PCD_DataInStageCallback)
    HAL_PCD_DataOutStageCallback             0x08000c21   Thumb Code    16  usbd_conf.o(i.HAL_PCD_DataOutStageCallback)
    HAL_PCD_EP_Close                         0x08000c31   Thumb Code    64  stm32f1xx_hal_pcd.o(i.HAL_PCD_EP_Close)
    HAL_PCD_EP_ClrStall                      0x08000c71   Thumb Code    72  stm32f1xx_hal_pcd.o(i.HAL_PCD_EP_ClrStall)
    HAL_PCD_EP_GetRxCount                    0x08000cb9   Thumb Code    16  stm32f1xx_hal_pcd.o(i.HAL_PCD_EP_GetRxCount)
    HAL_PCD_EP_Open                          0x08000cc9   Thumb Code    68  stm32f1xx_hal_pcd.o(i.HAL_PCD_EP_Open)
    HAL_PCD_EP_Receive                       0x08000d0d   Thumb Code    46  stm32f1xx_hal_pcd.o(i.HAL_PCD_EP_Receive)
    HAL_PCD_EP_SetStall                      0x08000d3b   Thumb Code    86  stm32f1xx_hal_pcd.o(i.HAL_PCD_EP_SetStall)
    HAL_PCD_EP_Transmit                      0x08000d91   Thumb Code    42  stm32f1xx_hal_pcd.o(i.HAL_PCD_EP_Transmit)
    HAL_PCD_IRQHandler                       0x08000dbb   Thumb Code   268  stm32f1xx_hal_pcd.o(i.HAL_PCD_IRQHandler)
    HAL_PCD_Init                             0x08000ec9   Thumb Code   192  stm32f1xx_hal_pcd.o(i.HAL_PCD_Init)
    HAL_PCD_MspInit                          0x08000f89   Thumb Code    66  usbd_conf.o(i.HAL_PCD_MspInit)
    HAL_PCD_ResetCallback                    0x08000fd5   Thumb Code    26  usbd_conf.o(i.HAL_PCD_ResetCallback)
    HAL_PCD_ResumeCallback                   0x08000fef   Thumb Code     8  usbd_conf.o(i.HAL_PCD_ResumeCallback)
    HAL_PCD_SOFCallback                      0x08000ff7   Thumb Code     8  usbd_conf.o(i.HAL_PCD_SOFCallback)
    HAL_PCD_SetAddress                       0x08000fff   Thumb Code    40  stm32f1xx_hal_pcd.o(i.HAL_PCD_SetAddress)
    HAL_PCD_SetupStageCallback               0x08001027   Thumb Code    14  usbd_conf.o(i.HAL_PCD_SetupStageCallback)
    HAL_PCD_Start                            0x08001035   Thumb Code    50  stm32f1xx_hal_pcd.o(i.HAL_PCD_Start)
    HAL_PCD_SuspendCallback                  0x08001069   Thumb Code    30  usbd_conf.o(i.HAL_PCD_SuspendCallback)
    HAL_RCCEx_PeriphCLKConfig                0x0800108d   Thumb Code   224  stm32f1xx_hal_rcc_ex.o(i.HAL_RCCEx_PeriphCLKConfig)
    HAL_RCC_ClockConfig                      0x08001179   Thumb Code   322  stm32f1xx_hal_rcc.o(i.HAL_RCC_ClockConfig)
    HAL_RCC_GetHCLKFreq                      0x080012cd   Thumb Code     6  stm32f1xx_hal_rcc.o(i.HAL_RCC_GetHCLKFreq)
    HAL_RCC_GetSysClockFreq                  0x080012d9   Thumb Code    74  stm32f1xx_hal_rcc.o(i.HAL_RCC_GetSysClockFreq)
    HAL_RCC_OscConfig                        0x08001345   Thumb Code   750  stm32f1xx_hal_rcc.o(i.HAL_RCC_OscConfig)
    HAL_SYSTICK_CLKSourceConfig              0x08001649   Thumb Code    24  stm32f1xx_hal_cortex.o(i.HAL_SYSTICK_CLKSourceConfig)
    HAL_SYSTICK_Callback                     0x08001661   Thumb Code     2  stm32f1xx_hal_cortex.o(i.HAL_SYSTICK_Callback)
    HAL_SYSTICK_Config                       0x08001663   Thumb Code    40  stm32f1xx_hal_cortex.o(i.HAL_SYSTICK_Config)
    HAL_SYSTICK_IRQHandler                   0x0800168b   Thumb Code     8  stm32f1xx_hal_cortex.o(i.HAL_SYSTICK_IRQHandler)
    HAL_TIMEx_ConfigBreakDeadTime            0x08001693   Thumb Code    90  stm32f1xx_hal_tim_ex.o(i.HAL_TIMEx_ConfigBreakDeadTime)
    HAL_TIMEx_MasterConfigSynchronization    0x080016ed   Thumb Code    80  stm32f1xx_hal_tim_ex.o(i.HAL_TIMEx_MasterConfigSynchronization)
    HAL_TIM_Base_Init                        0x0800173d   Thumb Code    54  stm32f1xx_hal_tim.o(i.HAL_TIM_Base_Init)
    HAL_TIM_Base_MspInit                     0x08001775   Thumb Code    50  stm32f1xx_hal_msp.o(i.HAL_TIM_Base_MspInit)
    HAL_TIM_ConfigClockSource                0x080017b1   Thumb Code   242  stm32f1xx_hal_tim.o(i.HAL_TIM_ConfigClockSource)
    HAL_TIM_MspPostInit                      0x080018a5   Thumb Code    34  stm32f1xx_hal_msp.o(i.HAL_TIM_MspPostInit)
    HAL_TIM_OnePulse_Init                    0x080018d1   Thumb Code    74  stm32f1xx_hal_tim.o(i.HAL_TIM_OnePulse_Init)
    HAL_TIM_OnePulse_MspInit                 0x0800191b   Thumb Code     2  stm32f1xx_hal_tim.o(i.HAL_TIM_OnePulse_MspInit)
    HAL_TIM_PWM_ConfigChannel                0x0800191d   Thumb Code   208  stm32f1xx_hal_tim.o(i.HAL_TIM_PWM_ConfigChannel)
    HAL_TIM_PWM_Init                         0x080019ed   Thumb Code    54  stm32f1xx_hal_tim.o(i.HAL_TIM_PWM_Init)
    HAL_TIM_PWM_MspInit                      0x08001a23   Thumb Code     2  stm32f1xx_hal_tim.o(i.HAL_TIM_PWM_MspInit)
    HAL_TIM_PWM_Start                        0x08001a25   Thumb Code    42  stm32f1xx_hal_tim.o(i.HAL_TIM_PWM_Start)
    HardFault_Handler                        0x08001a55   Thumb Code     2  stm32f1xx_it.o(i.HardFault_Handler)
    MX_USB_DEVICE_Init                       0x08001c79   Thumb Code    38  usb_device.o(i.MX_USB_DEVICE_Init)
    MemManage_Handler                        0x08001cb1   Thumb Code     2  stm32f1xx_it.o(i.MemManage_Handler)
    NMI_Handler                              0x08001cb3   Thumb Code     2  stm32f1xx_it.o(i.NMI_Handler)
    PendSV_Handler                           0x08002037   Thumb Code     2  stm32f1xx_it.o(i.PendSV_Handler)
    SVC_Handler                              0x08002039   Thumb Code     2  stm32f1xx_it.o(i.SVC_Handler)
    SysTick_Handler                          0x0800203b   Thumb Code    14  stm32f1xx_it.o(i.SysTick_Handler)
    SystemClock_Config                       0x08002049   Thumb Code   120  main.o(i.SystemClock_Config)
    SystemInit                               0x080020c1   Thumb Code    56  system_stm32f1xx.o(i.SystemInit)
    TIM1_UP_IRQHandler                       0x08002109   Thumb Code   132  stm32f1xx_it.o(i.TIM1_UP_IRQHandler)
    TIM_Base_SetConfig                       0x080021a9   Thumb Code    94  stm32f1xx_hal_tim.o(i.TIM_Base_SetConfig)
    TIM_CCxChannelCmd                        0x08002215   Thumb Code    22  stm32f1xx_hal_tim.o(i.TIM_CCxChannelCmd)
    TIM_OC2_SetConfig                        0x080022a1   Thumb Code    84  stm32f1xx_hal_tim.o(i.TIM_OC2_SetConfig)
    USBD_CDC_GetDeviceQualifierDescriptor    0x0800247d   Thumb Code     8  usbd_cdc.o(i.USBD_CDC_GetDeviceQualifierDescriptor)
    USBD_CDC_ReceivePacket                   0x08002535   Thumb Code    40  usbd_cdc.o(i.USBD_CDC_ReceivePacket)
    USBD_CDC_RegisterInterface               0x0800255d   Thumb Code    16  usbd_cdc.o(i.USBD_CDC_RegisterInterface)
    USBD_CDC_SetRxBuffer                     0x0800256d   Thumb Code    12  usbd_cdc.o(i.USBD_CDC_SetRxBuffer)
    USBD_CDC_SetTxBuffer                     0x08002579   Thumb Code    16  usbd_cdc.o(i.USBD_CDC_SetTxBuffer)
    USBD_CDC_TransmitPacket                  0x080025f9   Thumb Code    48  usbd_cdc.o(i.USBD_CDC_TransmitPacket)
    USBD_ClrClassConfig                      0x08002629   Thumb Code    14  usbd_core.o(i.USBD_ClrClassConfig)
    USBD_CtlContinueRx                       0x08002637   Thumb Code    16  usbd_ioreq.o(i.USBD_CtlContinueRx)
    USBD_CtlContinueSendData                 0x08002647   Thumb Code    16  usbd_ioreq.o(i.USBD_CtlContinueSendData)
    USBD_CtlError                            0x08002657   Thumb Code    22  usbd_ctlreq.o(i.USBD_CtlError)
    USBD_CtlPrepareRx                        0x0800266d   Thumb Code    30  usbd_ioreq.o(i.USBD_CtlPrepareRx)
    USBD_CtlReceiveStatus                    0x0800268b   Thumb Code    22  usbd_ioreq.o(i.USBD_CtlReceiveStatus)
    USBD_CtlSendData                         0x080026a1   Thumb Code    26  usbd_ioreq.o(i.USBD_CtlSendData)
    USBD_CtlSendStatus                       0x080026bb   Thumb Code    22  usbd_ioreq.o(i.USBD_CtlSendStatus)
    USBD_FS_ConfigStrDescriptor              0x080026d1   Thumb Code    16  usbd_desc.o(i.USBD_FS_ConfigStrDescriptor)
    USBD_FS_DeviceDescriptor                 0x080026f1   Thumb Code     8  usbd_desc.o(i.USBD_FS_DeviceDescriptor)
    USBD_FS_InterfaceStrDescriptor           0x080026fd   Thumb Code    16  usbd_desc.o(i.USBD_FS_InterfaceStrDescriptor)
    USBD_FS_LangIDStrDescriptor              0x08002721   Thumb Code     8  usbd_desc.o(i.USBD_FS_LangIDStrDescriptor)
    USBD_FS_ManufacturerStrDescriptor        0x0800272d   Thumb Code    16  usbd_desc.o(i.USBD_FS_ManufacturerStrDescriptor)
    USBD_FS_ProductStrDescriptor             0x08002755   Thumb Code    16  usbd_desc.o(i.USBD_FS_ProductStrDescriptor)
    USBD_FS_SerialStrDescriptor              0x08002781   Thumb Code    16  usbd_desc.o(i.USBD_FS_SerialStrDescriptor)
    USBD_GetString                           0x08002885   Thumb Code    70  usbd_ctlreq.o(i.USBD_GetString)
    USBD_Init                                0x080028cb   Thumb Code    42  usbd_core.o(i.USBD_Init)
    USBD_LL_ClearStallEP                     0x080028f5   Thumb Code    32  usbd_conf.o(i.USBD_LL_ClearStallEP)
    USBD_LL_CloseEP                          0x08002915   Thumb Code    32  usbd_conf.o(i.USBD_LL_CloseEP)
    USBD_LL_DataInStage                      0x08002935   Thumb Code   170  usbd_core.o(i.USBD_LL_DataInStage)
    USBD_LL_DataOutStage                     0x080029df   Thumb Code   106  usbd_core.o(i.USBD_LL_DataOutStage)
    USBD_LL_GetRxDataSize                    0x08002a49   Thumb Code     8  usbd_conf.o(i.USBD_LL_GetRxDataSize)
    USBD_LL_Init                             0x08002a51   Thumb Code   130  usbd_conf.o(i.USBD_LL_Init)
    USBD_LL_IsStallEP                        0x08002af1   Thumb Code    28  usbd_conf.o(i.USBD_LL_IsStallEP)
    USBD_LL_OpenEP                           0x08002b0d   Thumb Code    38  usbd_conf.o(i.USBD_LL_OpenEP)
    USBD_LL_PrepareReceive                   0x08002b33   Thumb Code    32  usbd_conf.o(i.USBD_LL_PrepareReceive)
    USBD_LL_Reset                            0x08002b53   Thumb Code    62  usbd_core.o(i.USBD_LL_Reset)
    USBD_LL_Resume                           0x08002b91   Thumb Code    12  usbd_core.o(i.USBD_LL_Resume)
    USBD_LL_SOF                              0x08002b9d   Thumb Code    24  usbd_core.o(i.USBD_LL_SOF)
    USBD_LL_SetSpeed                         0x08002bb5   Thumb Code     6  usbd_core.o(i.USBD_LL_SetSpeed)
    USBD_LL_SetUSBAddress                    0x08002bbb   Thumb Code    32  usbd_conf.o(i.USBD_LL_SetUSBAddress)
    USBD_LL_SetupStage                       0x08002bdb   Thumb Code    90  usbd_core.o(i.USBD_LL_SetupStage)
    USBD_LL_StallEP                          0x08002c35   Thumb Code    32  usbd_conf.o(i.USBD_LL_StallEP)
    USBD_LL_Start                            0x08002c55   Thumb Code    32  usbd_conf.o(i.USBD_LL_Start)
    USBD_LL_Suspend                          0x08002c75   Thumb Code    18  usbd_core.o(i.USBD_LL_Suspend)
    USBD_LL_Transmit                         0x08002c87   Thumb Code    32  usbd_conf.o(i.USBD_LL_Transmit)
    USBD_ParseSetupRequest                   0x08002ca7   Thumb Code    40  usbd_ctlreq.o(i.USBD_ParseSetupRequest)
    USBD_RegisterClass                       0x08002ccf   Thumb Code    16  usbd_core.o(i.USBD_RegisterClass)
    USBD_SetClassConfig                      0x08002cdf   Thumb Code    22  usbd_core.o(i.USBD_SetClassConfig)
    USBD_Start                               0x08002d69   Thumb Code    10  usbd_core.o(i.USBD_Start)
    USBD_StdDevReq                           0x08002d73   Thumb Code   242  usbd_ctlreq.o(i.USBD_StdDevReq)
    USBD_StdEPReq                            0x08002e65   Thumb Code   220  usbd_ctlreq.o(i.USBD_StdEPReq)
    USBD_StdItfReq                           0x08002f41   Thumb Code    52  usbd_ctlreq.o(i.USBD_StdItfReq)
    USBD_static_free                         0x08002f75   Thumb Code     2  usbd_conf.o(i.USBD_static_free)
    USBD_static_malloc                       0x08002f79   Thumb Code     4  usbd_conf.o(i.USBD_static_malloc)
    USB_ActivateEndpoint                     0x08002f81   Thumb Code   604  stm32f1xx_ll_usb.o(i.USB_ActivateEndpoint)
    USB_CoreInit                             0x080031dd   Thumb Code     4  stm32f1xx_ll_usb.o(i.USB_CoreInit)
    USB_DeactivateEndpoint                   0x080031e1   Thumb Code   292  stm32f1xx_ll_usb.o(i.USB_DeactivateEndpoint)
    USB_DevConnect                           0x08003305   Thumb Code     4  stm32f1xx_ll_usb.o(i.USB_DevConnect)
    USB_DevDisconnect                        0x08003309   Thumb Code     4  stm32f1xx_ll_usb.o(i.USB_DevDisconnect)
    USB_DevInit                              0x0800330d   Thumb Code    30  stm32f1xx_ll_usb.o(i.USB_DevInit)
    USB_DisableGlobalInt                     0x0800332b   Thumb Code    14  stm32f1xx_ll_usb.o(i.USB_DisableGlobalInt)
    USB_EP0_OutStart                         0x08003339   Thumb Code     4  stm32f1xx_ll_usb.o(i.USB_EP0_OutStart)
    USB_EPClearStall                         0x0800333d   Thumb Code   106  stm32f1xx_ll_usb.o(i.USB_EPClearStall)
    USB_EPSetStall                           0x080033a7   Thumb Code    74  stm32f1xx_ll_usb.o(i.USB_EPSetStall)
    USB_EPStartXfer                          0x080033f1   Thumb Code   426  stm32f1xx_ll_usb.o(i.USB_EPStartXfer)
    USB_EnableGlobalInt                      0x0800359b   Thumb Code    14  stm32f1xx_ll_usb.o(i.USB_EnableGlobalInt)
    USB_HP_CAN1_TX_IRQHandler                0x080035a9   Thumb Code     6  stm32f1xx_it.o(i.USB_HP_CAN1_TX_IRQHandler)
    USB_LP_CAN1_RX0_IRQHandler               0x080035b5   Thumb Code     6  stm32f1xx_it.o(i.USB_LP_CAN1_RX0_IRQHandler)
    USB_ReadInterrupts                       0x080035c1   Thumb Code     6  stm32f1xx_ll_usb.o(i.USB_ReadInterrupts)
    USB_ReadPMA                              0x080035c9   Thumb Code    30  stm32f1xx_ll_usb.o(i.USB_ReadPMA)
    USB_SetCurrentMode                       0x080035e7   Thumb Code     4  stm32f1xx_ll_usb.o(i.USB_SetCurrentMode)
    USB_SetDevAddress                        0x080035eb   Thumb Code    12  stm32f1xx_ll_usb.o(i.USB_SetDevAddress)
    USB_WritePMA                             0x080035f7   Thumb Code    38  stm32f1xx_ll_usb.o(i.USB_WritePMA)
    USER_Pass_MsgFlag                        0x08003da9   Thumb Code     6  main.o(i.USER_Pass_MsgFlag)
    UsageFault_Handler                       0x08003e01   Thumb Code     2  stm32f1xx_it.o(i.UsageFault_Handler)
    _Error_Handler                           0x08003e03   Thumb Code     2  main.o(i._Error_Handler)
    __0sprintf                               0x08003e05   Thumb Code    34  printfa.o(i.__0sprintf)
    __1sprintf                               0x08003e05   Thumb Code     0  printfa.o(i.__0sprintf)
    __2sprintf                               0x08003e05   Thumb Code     0  printfa.o(i.__0sprintf)
    __c89sprintf                             0x08003e05   Thumb Code     0  printfa.o(i.__0sprintf)
    sprintf                                  0x08003e05   Thumb Code     0  printfa.o(i.__0sprintf)
    __scatterload_copy                       0x08003e2d   Thumb Code    14  handlers.o(i.__scatterload_copy)
    __scatterload_null                       0x08003e3b   Thumb Code     2  handlers.o(i.__scatterload_null)
    __scatterload_zeroinit                   0x08003e3d   Thumb Code    14  handlers.o(i.__scatterload_zeroinit)
    main                                     0x080046e9   Thumb Code    54  main.o(i.main)
    AHBPrescTable                            0x0800472c   Data          16  system_stm32f1xx.o(.constdata)
    Region$$Table$$Base                      0x0800473c   Number         0  anon$$obj.o(Region$$Table)
    Region$$Table$$Limit                     0x0800475c   Number         0  anon$$obj.o(Region$$Table)
    SystemCoreClock                          0x20000000   Data           4  system_stm32f1xx.o(.data)
    uwTickFreq                               0x20000004   Data           1  stm32f1xx_hal.o(.data)
    uwTickPrio                               0x20000008   Data           4  stm32f1xx_hal.o(.data)
    uwTick                                   0x2000000c   Data           4  stm32f1xx_hal.o(.data)
    USBD_CDC_CfgHSDesc                       0x20000020   Data          67  usbd_cdc.o(.data)
    USBD_CDC_CfgFSDesc                       0x20000064   Data          67  usbd_cdc.o(.data)
    USBD_CDC_OtherSpeedCfgDesc               0x200000a8   Data          67  usbd_cdc.o(.data)
    USBD_CDC                                 0x200000ec   Data          56  usbd_cdc.o(.data)
    FS_Desc                                  0x20000128   Data          28  usbd_desc.o(.data)
    USBD_LangIDDesc                          0x20000144   Data           4  usbd_desc.o(.data)
    USBD_FS_DeviceDesc                       0x20000148   Data          18  usbd_desc.o(.data)
    eflag_msg                                0x2000015a   Data           1  usbd_cdc_if.o(.data)
    rx_index                                 0x2000015c   Data           2  usbd_cdc_if.o(.data)
    USBD_Interface_fops_FS                   0x20000160   Data          16  usbd_cdc_if.o(.data)
    user_received_flag_USB_msg               0x20000170   Data           1  main.o(.data)
    user_flag_steps_to_be_performed_SET      0x20000171   Data           1  main.o(.data)
    user_flag_distance_to_be_performed_SET   0x20000172   Data           1  main.o(.data)
    user_flag_mot_RPM_SET                    0x20000173   Data           1  main.o(.data)
    user_flag_load_vel_SET                   0x20000174   Data           1  main.o(.data)
    user_remaining_RCR_val                   0x20000175   Data           1  main.o(.data)
    user_set_screw_step                      0x20000176   Data           1  main.o(.data)
    Fuser_set_distance                       0x20000177   Data           1  main.o(.data)
    Fuser_set_motor_RPM                      0x20000178   Data           1  main.o(.data)
    Fuser_set_load_vel                       0x20000179   Data           1  main.o(.data)
    user_set_mot_direction                   0x2000017a   Data           1  main.o(.data)
    user_set_axis_len                        0x2000017c   Data           2  main.o(.data)
    user_set_load_mass                       0x2000017e   Data           2  main.o(.data)
    Iuser_set_distance                       0x20000180   Data           2  main.o(.data)
    Iuser_set_motor_RPM                      0x20000182   Data           2  main.o(.data)
    Iuser_set_load_vel                       0x20000184   Data           2  main.o(.data)
    user_number_of_RCR_overflows             0x20000188   Data           4  main.o(.data)
    user_pwm_period                          0x2000018c   Data           4  main.o(.data)
    user_set_mot_rez                         0x20000190   Data           4  main.o(.data)
    user_set_steps                           0x20000194   Data           4  main.o(.data)
    user_mot_revolutions                     0x20000198   Data           8  main.o(.data)
    user_total_distance_performed            0x200001a0   Data           8  main.o(.data)
    user_one_rotation_time                   0x200001a8   Data           8  main.o(.data)
    user_set_distance                        0x200001b0   Data           8  main.o(.data)
    user_mot_max_RPM                         0x200001b8   Data           8  main.o(.data)
    user_set_motor_RPM                       0x200001c0   Data           8  main.o(.data)
    user_load_max_vel                        0x200001c8   Data           8  main.o(.data)
    user_set_load_vel                        0x200001d0   Data           8  main.o(.data)
    user_globalStepRes                       0x200001d8   Data          36  main.o(.data)
    user_pwm_min_period                      0x200001fc   Data          18  main.o(.data)
    user_flag_TIMER_registers_update_SET     0x2000020e   Data           1  main.o(.data)
    user_total_steps_performed               0x20000210   Data           4  main.o(.data)
    hpcd_USB_FS                              0x20000434   Data        1120  usbd_conf.o(.bss)
    USBD_StrDesc                             0x20000894   Data         512  usbd_desc.o(.bss)
    hUsbDeviceFS                             0x20000a94   Data         548  usb_device.o(.bss)
    UserRxBufferFS                           0x20000cb8   Data        1000  usbd_cdc_if.o(.bss)
    UserTxBufferFS                           0x200010a0   Data        1000  usbd_cdc_if.o(.bss)
    user_rcvUSBdata                          0x20001488   Data        1000  usbd_cdc_if.o(.bss)
    user_sendUSBdata                         0x20001870   Data        1000  usbd_cdc_if.o(.bss)
    htim1                                    0x20001c58   Data          64  main.o(.bss)
    __initial_sp                             0x20002098   Data           0  startup_stm32f103xb.o(STACK)



==============================================================================

Memory Map of the image

  Image Entry point : 0x080000ed

  Load Region LR_IROM1 (Base: 0x08000000, Size: 0x00004970, Max: 0x00010000, ABSOLUTE, COMPRESSED[0x00004840])

    Execution Region ER_IROM1 (Base: 0x08000000, Size: 0x0000475c, Max: 0x00010000, ABSOLUTE)

    Base Addr    Size         Type   Attr      Idx    E Section Name        Object

    0x08000000   0x000000ec   Data   RO            3    RESET               startup_stm32f103xb.o
    0x080000ec   0x00000000   Code   RO         3411  * .ARM.Collect$$$$00000000  mc_w.l(entry.o)
    0x080000ec   0x00000004   Code   RO         3697    .ARM.Collect$$$$00000001  mc_w.l(entry2.o)
    0x080000f0   0x00000004   Code   RO         3700    .ARM.Collect$$$$00000004  mc_w.l(entry5.o)
    0x080000f4   0x00000000   Code   RO         3702    .ARM.Collect$$$$00000008  mc_w.l(entry7b.o)
    0x080000f4   0x00000000   Code   RO         3704    .ARM.Collect$$$$0000000A  mc_w.l(entry8b.o)
    0x080000f4   0x00000008   Code   RO         3705    .ARM.Collect$$$$0000000B  mc_w.l(entry9a.o)
    0x080000fc   0x00000000   Code   RO         3707    .ARM.Collect$$$$0000000D  mc_w.l(entry10a.o)
    0x080000fc   0x00000000   Code   RO         3709    .ARM.Collect$$$$0000000F  mc_w.l(entry11a.o)
    0x080000fc   0x00000004   Code   RO         3698    .ARM.Collect$$$$00002712  mc_w.l(entry2.o)
    0x08000100   0x00000024   Code   RO            4    .text               startup_stm32f103xb.o
    0x08000124   0x00000020   Code   RO         3414    .text               mc_w.l(llushr.o)
    0x08000144   0x00000024   Code   RO         3416    .text               mc_w.l(memcpya.o)
    0x08000168   0x0000000e   Code   RO         3418    .text               mc_w.l(strlen.o)
    0x08000176   0x0000014e   Code   RO         3683    .text               mf_w.l(dadd.o)
    0x080002c4   0x000000e4   Code   RO         3685    .text               mf_w.l(dmul.o)
    0x080003a8   0x000000de   Code   RO         3687    .text               mf_w.l(ddiv.o)
    0x08000486   0x0000002e   Code   RO         3689    .text               mf_w.l(dscalb.o)
    0x080004b4   0x0000001a   Code   RO         3691    .text               mf_w.l(dfltui.o)
    0x080004ce   0x00000032   Code   RO         3693    .text               mf_w.l(dfixui.o)
    0x08000500   0x00000030   Code   RO         3695    .text               mf_w.l(cdrcmple.o)
    0x08000530   0x0000002c   Code   RO         3714    .text               mc_w.l(uidiv.o)
    0x0800055c   0x00000062   Code   RO         3716    .text               mc_w.l(uldiv.o)
    0x080005be   0x0000001e   Code   RO         3718    .text               mc_w.l(llshl.o)
    0x080005dc   0x00000024   Code   RO         3720    .text               mc_w.l(llsshr.o)
    0x08000600   0x00000000   Code   RO         3722    .text               mc_w.l(iusefp.o)
    0x08000600   0x000000ba   Code   RO         3723    .text               mf_w.l(depilogue.o)
    0x080006ba   0x00000030   Code   RO         3725    .text               mf_w.l(dfixul.o)
    0x080006ea   0x00000002   PAD
    0x080006ec   0x00000024   Code   RO         3727    .text               mc_w.l(init.o)
    0x08000710   0x00000056   Code   RO         3739    .text               mc_w.l(__dczerorl2.o)
    0x08000766   0x00000002   Code   RO         3224    i.BusFault_Handler  stm32f1xx_it.o
    0x08000768   0x00000004   Code   RO         3122    i.CDC_Control_FS    usbd_cdc_if.o
    0x0800076c   0x00000004   Code   RO         3123    i.CDC_DeInit_FS     usbd_cdc_if.o
    0x08000770   0x00000024   Code   RO         3124    i.CDC_Init_FS       usbd_cdc_if.o
    0x08000794   0x000000a4   Code   RO         3125    i.CDC_Receive_FS    usbd_cdc_if.o
    0x08000838   0x0000003c   Code   RO         3126    i.CDC_Transmit_FS   usbd_cdc_if.o
    0x08000874   0x00000002   Code   RO         3225    i.DebugMon_Handler  stm32f1xx_it.o
    0x08000876   0x00000006   Code   RO         3226    i.EXTI1_IRQHandler  stm32f1xx_it.o
    0x0800087c   0x00000002   Code   RO          139    i.HAL_GPIO_EXTI_Callback  stm32f1xx_hal_gpio.o
    0x0800087e   0x00000002   PAD
    0x08000880   0x00000018   Code   RO          140    i.HAL_GPIO_EXTI_IRQHandler  stm32f1xx_hal_gpio.o
    0x08000898   0x000001bc   Code   RO          141    i.HAL_GPIO_Init     stm32f1xx_hal_gpio.o
    0x08000a54   0x0000000a   Code   RO          145    i.HAL_GPIO_WritePin  stm32f1xx_hal_gpio.o
    0x08000a5e   0x00000002   PAD
    0x08000a60   0x0000000c   Code   RO         2004    i.HAL_GetTick       stm32f1xx_hal.o
    0x08000a6c   0x00000010   Code   RO         2008    i.HAL_IncTick       stm32f1xx_hal.o
    0x08000a7c   0x00000024   Code   RO         2009    i.HAL_Init          stm32f1xx_hal.o
    0x08000aa0   0x00000040   Code   RO         2010    i.HAL_InitTick      stm32f1xx_hal.o
    0x08000ae0   0x00000080   Code   RO         3176    i.HAL_MspInit       stm32f1xx_hal_msp.o
    0x08000b60   0x00000016   Code   RO          581    i.HAL_NVIC_EnableIRQ  stm32f1xx_hal_cortex.o
    0x08000b76   0x00000002   PAD
    0x08000b78   0x00000040   Code   RO          587    i.HAL_NVIC_SetPriority  stm32f1xx_hal_cortex.o
    0x08000bb8   0x00000024   Code   RO          588    i.HAL_NVIC_SetPriorityGrouping  stm32f1xx_hal_cortex.o
    0x08000bdc   0x00000034   Code   RO         1860    i.HAL_PCDEx_PMAConfig  stm32f1xx_hal_pcd_ex.o
    0x08000c10   0x00000002   Code   RO         2809    i.HAL_PCDEx_SetConnectionState  usbd_conf.o
    0x08000c12   0x0000000e   Code   RO         2811    i.HAL_PCD_DataInStageCallback  usbd_conf.o
    0x08000c20   0x00000010   Code   RO         2812    i.HAL_PCD_DataOutStageCallback  usbd_conf.o
    0x08000c30   0x00000040   Code   RO          938    i.HAL_PCD_EP_Close  stm32f1xx_hal_pcd.o
    0x08000c70   0x00000048   Code   RO          939    i.HAL_PCD_EP_ClrStall  stm32f1xx_hal_pcd.o
    0x08000cb8   0x00000010   Code   RO          941    i.HAL_PCD_EP_GetRxCount  stm32f1xx_hal_pcd.o
    0x08000cc8   0x00000044   Code   RO          942    i.HAL_PCD_EP_Open   stm32f1xx_hal_pcd.o
    0x08000d0c   0x0000002e   Code   RO          943    i.HAL_PCD_EP_Receive  stm32f1xx_hal_pcd.o
    0x08000d3a   0x00000056   Code   RO          944    i.HAL_PCD_EP_SetStall  stm32f1xx_hal_pcd.o
    0x08000d90   0x0000002a   Code   RO          945    i.HAL_PCD_EP_Transmit  stm32f1xx_hal_pcd.o
    0x08000dba   0x0000010c   Code   RO          947    i.HAL_PCD_IRQHandler  stm32f1xx_hal_pcd.o
    0x08000ec6   0x00000002   PAD
    0x08000ec8   0x000000c0   Code   RO          950    i.HAL_PCD_Init      stm32f1xx_hal_pcd.o
    0x08000f88   0x0000004c   Code   RO         2817    i.HAL_PCD_MspInit   usbd_conf.o
    0x08000fd4   0x0000001a   Code   RO         2818    i.HAL_PCD_ResetCallback  usbd_conf.o
    0x08000fee   0x00000008   Code   RO         2819    i.HAL_PCD_ResumeCallback  usbd_conf.o
    0x08000ff6   0x00000008   Code   RO         2820    i.HAL_PCD_SOFCallback  usbd_conf.o
    0x08000ffe   0x00000028   Code   RO          956    i.HAL_PCD_SetAddress  stm32f1xx_hal_pcd.o
    0x08001026   0x0000000e   Code   RO         2821    i.HAL_PCD_SetupStageCallback  usbd_conf.o
    0x08001034   0x00000032   Code   RO          958    i.HAL_PCD_Start     stm32f1xx_hal_pcd.o
    0x08001066   0x00000002   PAD
    0x08001068   0x00000024   Code   RO         2822    i.HAL_PCD_SuspendCallback  usbd_conf.o
    0x0800108c   0x000000ec   Code   RO          545    i.HAL_RCCEx_PeriphCLKConfig  stm32f1xx_hal_rcc_ex.o
    0x08001178   0x00000154   Code   RO         2189    i.HAL_RCC_ClockConfig  stm32f1xx_hal_rcc.o
    0x080012cc   0x0000000c   Code   RO         2194    i.HAL_RCC_GetHCLKFreq  stm32f1xx_hal_rcc.o
    0x080012d8   0x0000006c   Code   RO         2198    i.HAL_RCC_GetSysClockFreq  stm32f1xx_hal_rcc.o
    0x08001344   0x00000304   Code   RO         2201    i.HAL_RCC_OscConfig  stm32f1xx_hal_rcc.o
    0x08001648   0x00000018   Code   RO          590    i.HAL_SYSTICK_CLKSourceConfig  stm32f1xx_hal_cortex.o
    0x08001660   0x00000002   Code   RO          591    i.HAL_SYSTICK_Callback  stm32f1xx_hal_cortex.o
    0x08001662   0x00000028   Code   RO          592    i.HAL_SYSTICK_Config  stm32f1xx_hal_cortex.o
    0x0800168a   0x00000008   Code   RO          593    i.HAL_SYSTICK_IRQHandler  stm32f1xx_hal_cortex.o
    0x08001692   0x0000005a   Code   RO          698    i.HAL_TIMEx_ConfigBreakDeadTime  stm32f1xx_hal_tim_ex.o
    0x080016ec   0x00000050   Code   RO          713    i.HAL_TIMEx_MasterConfigSynchronization  stm32f1xx_hal_tim_ex.o
    0x0800173c   0x00000036   Code   RO         1146    i.HAL_TIM_Base_Init  stm32f1xx_hal_tim.o
    0x08001772   0x00000002   PAD
    0x08001774   0x0000003c   Code   RO         3178    i.HAL_TIM_Base_MspInit  stm32f1xx_hal_msp.o
    0x080017b0   0x000000f2   Code   RO         1155    i.HAL_TIM_ConfigClockSource  stm32f1xx_hal_tim.o
    0x080018a2   0x00000002   PAD
    0x080018a4   0x0000002c   Code   RO         3179    i.HAL_TIM_MspPostInit  stm32f1xx_hal_msp.o
    0x080018d0   0x0000004a   Code   RO         1205    i.HAL_TIM_OnePulse_Init  stm32f1xx_hal_tim.o
    0x0800191a   0x00000002   Code   RO         1207    i.HAL_TIM_OnePulse_MspInit  stm32f1xx_hal_tim.o
    0x0800191c   0x000000d0   Code   RO         1212    i.HAL_TIM_PWM_ConfigChannel  stm32f1xx_hal_tim.o
    0x080019ec   0x00000036   Code   RO         1215    i.HAL_TIM_PWM_Init  stm32f1xx_hal_tim.o
    0x08001a22   0x00000002   Code   RO         1217    i.HAL_TIM_PWM_MspInit  stm32f1xx_hal_tim.o
    0x08001a24   0x00000030   Code   RO         1219    i.HAL_TIM_PWM_Start  stm32f1xx_hal_tim.o
    0x08001a54   0x00000002   Code   RO         3227    i.HardFault_Handler  stm32f1xx_it.o
    0x08001a56   0x00000002   PAD
    0x08001a58   0x00000150   Code   RO         3324    i.MX_GPIO_Init      main.o
    0x08001ba8   0x000000d0   Code   RO         3325    i.MX_TIM1_Init      main.o
    0x08001c78   0x00000038   Code   RO         3088    i.MX_USB_DEVICE_Init  usb_device.o
    0x08001cb0   0x00000002   Code   RO         3228    i.MemManage_Handler  stm32f1xx_it.o
    0x08001cb2   0x00000002   Code   RO         3229    i.NMI_Handler       stm32f1xx_it.o
    0x08001cb4   0x00000020   Code   RO          594    i.NVIC_SetPriority  stm32f1xx_hal_cortex.o
    0x08001cd4   0x00000362   Code   RO          961    i.PCD_EP_ISR_Handler  stm32f1xx_hal_pcd.o
    0x08002036   0x00000002   Code   RO         3230    i.PendSV_Handler    stm32f1xx_it.o
    0x08002038   0x00000002   Code   RO         3231    i.SVC_Handler       stm32f1xx_it.o
    0x0800203a   0x0000000e   Code   RO         3232    i.SysTick_Handler   stm32f1xx_it.o
    0x08002048   0x00000078   Code   RO         3326    i.SystemClock_Config  main.o
    0x080020c0   0x00000048   Code   RO           14    i.SystemInit        system_stm32f1xx.o
    0x08002108   0x000000a0   Code   RO         3233    i.TIM1_UP_IRQHandler  stm32f1xx_it.o
    0x080021a8   0x0000006c   Code   RO         1230    i.TIM_Base_SetConfig  stm32f1xx_hal_tim.o
    0x08002214   0x00000016   Code   RO         1231    i.TIM_CCxChannelCmd  stm32f1xx_hal_tim.o
    0x0800222a   0x00000014   Code   RO         1237    i.TIM_ETR_SetConfig  stm32f1xx_hal_tim.o
    0x0800223e   0x00000010   Code   RO         1238    i.TIM_ITRx_SetConfig  stm32f1xx_hal_tim.o
    0x0800224e   0x00000002   PAD
    0x08002250   0x00000050   Code   RO         1239    i.TIM_OC1_SetConfig  stm32f1xx_hal_tim.o
    0x080022a0   0x00000058   Code   RO         1240    i.TIM_OC2_SetConfig  stm32f1xx_hal_tim.o
    0x080022f8   0x00000058   Code   RO         1241    i.TIM_OC3_SetConfig  stm32f1xx_hal_tim.o
    0x08002350   0x00000044   Code   RO         1242    i.TIM_OC4_SetConfig  stm32f1xx_hal_tim.o
    0x08002394   0x00000022   Code   RO         1244    i.TIM_TI1_ConfigInputStage  stm32f1xx_hal_tim.o
    0x080023b6   0x00000024   Code   RO         1246    i.TIM_TI2_ConfigInputStage  stm32f1xx_hal_tim.o
    0x080023da   0x00000014   Code   RO         2415    i.USBD_CDC_DataIn   usbd_cdc.o
    0x080023ee   0x0000002e   Code   RO         2416    i.USBD_CDC_DataOut  usbd_cdc.o
    0x0800241c   0x0000003c   Code   RO         2417    i.USBD_CDC_DeInit   usbd_cdc.o
    0x08002458   0x00000024   Code   RO         2418    i.USBD_CDC_EP0_RxReady  usbd_cdc.o
    0x0800247c   0x0000000c   Code   RO         2419    i.USBD_CDC_GetDeviceQualifierDescriptor  usbd_cdc.o
    0x08002488   0x0000000c   Code   RO         2420    i.USBD_CDC_GetFSCfgDesc  usbd_cdc.o
    0x08002494   0x0000000c   Code   RO         2421    i.USBD_CDC_GetHSCfgDesc  usbd_cdc.o
    0x080024a0   0x0000000c   Code   RO         2422    i.USBD_CDC_GetOtherSpeedCfgDesc  usbd_cdc.o
    0x080024ac   0x00000088   Code   RO         2423    i.USBD_CDC_Init     usbd_cdc.o
    0x08002534   0x00000028   Code   RO         2424    i.USBD_CDC_ReceivePacket  usbd_cdc.o
    0x0800255c   0x00000010   Code   RO         2425    i.USBD_CDC_RegisterInterface  usbd_cdc.o
    0x0800256c   0x0000000c   Code   RO         2426    i.USBD_CDC_SetRxBuffer  usbd_cdc.o
    0x08002578   0x00000010   Code   RO         2427    i.USBD_CDC_SetTxBuffer  usbd_cdc.o
    0x08002588   0x00000070   Code   RO         2428    i.USBD_CDC_Setup    usbd_cdc.o
    0x080025f8   0x00000030   Code   RO         2429    i.USBD_CDC_TransmitPacket  usbd_cdc.o
    0x08002628   0x0000000e   Code   RO         2671    i.USBD_ClrClassConfig  usbd_core.o
    0x08002636   0x00000010   Code   RO         2546    i.USBD_CtlContinueRx  usbd_ioreq.o
    0x08002646   0x00000010   Code   RO         2547    i.USBD_CtlContinueSendData  usbd_ioreq.o
    0x08002656   0x00000016   Code   RO         2606    i.USBD_CtlError     usbd_ctlreq.o
    0x0800266c   0x0000001e   Code   RO         2548    i.USBD_CtlPrepareRx  usbd_ioreq.o
    0x0800268a   0x00000016   Code   RO         2549    i.USBD_CtlReceiveStatus  usbd_ioreq.o
    0x080026a0   0x0000001a   Code   RO         2550    i.USBD_CtlSendData  usbd_ioreq.o
    0x080026ba   0x00000016   Code   RO         2551    i.USBD_CtlSendStatus  usbd_ioreq.o
    0x080026d0   0x00000020   Code   RO         3020    i.USBD_FS_ConfigStrDescriptor  usbd_desc.o
    0x080026f0   0x0000000c   Code   RO         3021    i.USBD_FS_DeviceDescriptor  usbd_desc.o
    0x080026fc   0x00000024   Code   RO         3022    i.USBD_FS_InterfaceStrDescriptor  usbd_desc.o
    0x08002720   0x0000000c   Code   RO         3023    i.USBD_FS_LangIDStrDescriptor  usbd_desc.o
    0x0800272c   0x00000028   Code   RO         3024    i.USBD_FS_ManufacturerStrDescriptor  usbd_desc.o
    0x08002754   0x0000002c   Code   RO         3025    i.USBD_FS_ProductStrDescriptor  usbd_desc.o
    0x08002780   0x00000024   Code   RO         3026    i.USBD_FS_SerialStrDescriptor  usbd_desc.o
    0x080027a4   0x000000e0   Code   RO         2607    i.USBD_GetDescriptor  usbd_ctlreq.o
    0x08002884   0x00000046   Code   RO         2608    i.USBD_GetString    usbd_ctlreq.o
    0x080028ca   0x0000002a   Code   RO         2673    i.USBD_Init         usbd_core.o
    0x080028f4   0x00000020   Code   RO         2823    i.USBD_LL_ClearStallEP  usbd_conf.o
    0x08002914   0x00000020   Code   RO         2824    i.USBD_LL_CloseEP   usbd_conf.o
    0x08002934   0x000000aa   Code   RO         2674    i.USBD_LL_DataInStage  usbd_core.o
    0x080029de   0x0000006a   Code   RO         2675    i.USBD_LL_DataOutStage  usbd_core.o
    0x08002a48   0x00000008   Code   RO         2828    i.USBD_LL_GetRxDataSize  usbd_conf.o
    0x08002a50   0x000000a0   Code   RO         2829    i.USBD_LL_Init      usbd_conf.o
    0x08002af0   0x0000001c   Code   RO         2830    i.USBD_LL_IsStallEP  usbd_conf.o
    0x08002b0c   0x00000026   Code   RO         2831    i.USBD_LL_OpenEP    usbd_conf.o
    0x08002b32   0x00000020   Code   RO         2832    i.USBD_LL_PrepareReceive  usbd_conf.o
    0x08002b52   0x0000003e   Code   RO         2680    i.USBD_LL_Reset     usbd_core.o
    0x08002b90   0x0000000c   Code   RO         2681    i.USBD_LL_Resume    usbd_core.o
    0x08002b9c   0x00000018   Code   RO         2682    i.USBD_LL_SOF       usbd_core.o
    0x08002bb4   0x00000006   Code   RO         2683    i.USBD_LL_SetSpeed  usbd_core.o
    0x08002bba   0x00000020   Code   RO         2833    i.USBD_LL_SetUSBAddress  usbd_conf.o
    0x08002bda   0x0000005a   Code   RO         2684    i.USBD_LL_SetupStage  usbd_core.o
    0x08002c34   0x00000020   Code   RO         2834    i.USBD_LL_StallEP   usbd_conf.o
    0x08002c54   0x00000020   Code   RO         2835    i.USBD_LL_Start     usbd_conf.o
    0x08002c74   0x00000012   Code   RO         2685    i.USBD_LL_Suspend   usbd_core.o
    0x08002c86   0x00000020   Code   RO         2837    i.USBD_LL_Transmit  usbd_conf.o
    0x08002ca6   0x00000028   Code   RO         2609    i.USBD_ParseSetupRequest  usbd_ctlreq.o
    0x08002cce   0x00000010   Code   RO         2686    i.USBD_RegisterClass  usbd_core.o
    0x08002cde   0x00000016   Code   RO         2688    i.USBD_SetClassConfig  usbd_core.o
    0x08002cf4   0x00000074   Code   RO         2610    i.USBD_SetConfig    usbd_ctlreq.o
    0x08002d68   0x0000000a   Code   RO         2689    i.USBD_Start        usbd_core.o
    0x08002d72   0x000000f2   Code   RO         2611    i.USBD_StdDevReq    usbd_ctlreq.o
    0x08002e64   0x000000dc   Code   RO         2612    i.USBD_StdEPReq     usbd_ctlreq.o
    0x08002f40   0x00000034   Code   RO         2613    i.USBD_StdItfReq    usbd_ctlreq.o
    0x08002f74   0x00000002   Code   RO         2838    i.USBD_static_free  usbd_conf.o
    0x08002f76   0x00000002   PAD
    0x08002f78   0x00000008   Code   RO         2839    i.USBD_static_malloc  usbd_conf.o
    0x08002f80   0x0000025c   Code   RO          256    i.USB_ActivateEndpoint  stm32f1xx_ll_usb.o
    0x080031dc   0x00000004   Code   RO          259    i.USB_CoreInit      stm32f1xx_ll_usb.o
    0x080031e0   0x00000124   Code   RO          261    i.USB_DeactivateEndpoint  stm32f1xx_ll_usb.o
    0x08003304   0x00000004   Code   RO          262    i.USB_DevConnect    stm32f1xx_ll_usb.o
    0x08003308   0x00000004   Code   RO          263    i.USB_DevDisconnect  stm32f1xx_ll_usb.o
    0x0800330c   0x0000001e   Code   RO          264    i.USB_DevInit       stm32f1xx_ll_usb.o
    0x0800332a   0x0000000e   Code   RO          265    i.USB_DisableGlobalInt  stm32f1xx_ll_usb.o
    0x08003338   0x00000004   Code   RO          266    i.USB_EP0_OutStart  stm32f1xx_ll_usb.o
    0x0800333c   0x0000006a   Code   RO          267    i.USB_EPClearStall  stm32f1xx_ll_usb.o
    0x080033a6   0x0000004a   Code   RO          268    i.USB_EPSetStall    stm32f1xx_ll_usb.o
    0x080033f0   0x000001aa   Code   RO          269    i.USB_EPStartXfer   stm32f1xx_ll_usb.o
    0x0800359a   0x0000000e   Code   RO          270    i.USB_EnableGlobalInt  stm32f1xx_ll_usb.o
    0x080035a8   0x0000000c   Code   RO         3234    i.USB_HP_CAN1_TX_IRQHandler  stm32f1xx_it.o
    0x080035b4   0x0000000c   Code   RO         3235    i.USB_LP_CAN1_RX0_IRQHandler  stm32f1xx_it.o
    0x080035c0   0x00000006   Code   RO          277    i.USB_ReadInterrupts  stm32f1xx_ll_usb.o
    0x080035c6   0x00000002   PAD
    0x080035c8   0x0000001e   Code   RO          278    i.USB_ReadPMA       stm32f1xx_ll_usb.o
    0x080035e6   0x00000004   Code   RO          280    i.USB_SetCurrentMode  stm32f1xx_ll_usb.o
    0x080035ea   0x0000000c   Code   RO          281    i.USB_SetDevAddress  stm32f1xx_ll_usb.o
    0x080035f6   0x00000026   Code   RO          283    i.USB_WritePMA      stm32f1xx_ll_usb.o
    0x0800361c   0x00000150   Code   RO         3327    i.USER_Compute_Pwm_Period  main.o
    0x0800376c   0x0000060c   Code   RO         3328    i.USER_Decode_Msg   main.o
    0x08003d78   0x00000030   Code   RO         3329    i.USER_ExtractNumber_FromString  main.o
    0x08003da8   0x0000000c   Code   RO         3330    i.USER_Pass_MsgFlag  main.o
    0x08003db4   0x0000004c   Code   RO         3331    i.USER_Set_Load_Dir  main.o
    0x08003e00   0x00000002   Code   RO         3236    i.UsageFault_Handler  stm32f1xx_it.o
    0x08003e02   0x00000002   Code   RO         3332    i._Error_Handler    main.o
    0x08003e04   0x00000028   Code   RO         3657    i.__0sprintf        mc_w.l(printfa.o)
    0x08003e2c   0x0000000e   Code   RO         3733    i.__scatterload_copy  mc_w.l(handlers.o)
    0x08003e3a   0x00000002   Code   RO         3734    i.__scatterload_null  mc_w.l(handlers.o)
    0x08003e3c   0x0000000e   Code   RO         3735    i.__scatterload_zeroinit  mc_w.l(handlers.o)
    0x08003e4a   0x00000002   PAD
    0x08003e4c   0x00000164   Code   RO         3662    i._fp_digits        mc_w.l(printfa.o)
    0x08003fb0   0x000006dc   Code   RO         3663    i._printf_core      mc_w.l(printfa.o)
    0x0800468c   0x00000024   Code   RO         3664    i._printf_post_padding  mc_w.l(printfa.o)
    0x080046b0   0x0000002e   Code   RO         3665    i._printf_pre_padding  mc_w.l(printfa.o)
    0x080046de   0x0000000a   Code   RO         3667    i._sputc            mc_w.l(printfa.o)
    0x080046e8   0x00000044   Code   RO         3333    i.main              main.o
    0x0800472c   0x00000010   Data   RO           15    .constdata          system_stm32f1xx.o
    0x0800473c   0x00000020   Data   RO         3731    Region$$Table       anon$$obj.o


    Execution Region RW_IRAM1 (Base: 0x20000000, Size: 0x00002098, Max: 0x00005000, ABSOLUTE, COMPRESSED[0x000000e4])

    Base Addr    Size         Type   Attr      Idx    E Section Name        Object

    0x20000000   0x00000004   Data   RW           17    .data               system_stm32f1xx.o
    0x20000004   0x0000000c   Data   RW         2016    .data               stm32f1xx_hal.o
    0x20000010   0x000000db   Data   RW         2430    .data               usbd_cdc.o
    0x200000eb   0x00000001   PAD
    0x200000ec   0x00000038   Data   RW         2431    .data               usbd_cdc.o
    0x20000124   0x00000001   Data   RW         2614    .data               usbd_ctlreq.o
    0x20000125   0x00000003   PAD
    0x20000128   0x0000001c   Data   RW         3028    .data               usbd_desc.o
    0x20000144   0x00000016   Data   RW         3029    .data               usbd_desc.o
    0x2000015a   0x00000004   Data   RW         3129    .data               usbd_cdc_if.o
    0x2000015e   0x00000002   PAD
    0x20000160   0x00000010   Data   RW         3130    .data               usbd_cdc_if.o
    0x20000170   0x0000009e   Data   RW         3340    .data               main.o
    0x2000020e   0x00000001   Data   RW         3342    .data               main.o
    0x2000020f   0x00000001   PAD
    0x20000210   0x00000004   Data   RW         3344    .data               main.o
    0x20000214   0x00000680   Zero   RW         2840    .bss                usbd_conf.o
    0x20000894   0x00000200   Zero   RW         3027    .bss                usbd_desc.o
    0x20000a94   0x00000224   Zero   RW         3089    .bss                usb_device.o
    0x20000cb8   0x00000bb8   Zero   RW         3127    .bss                usbd_cdc_if.o
    0x20001870   0x000003e8   Zero   RW         3128    .bss                usbd_cdc_if.o
    0x20001c58   0x00000040   Zero   RW         3334    .bss                main.o
    0x20001c98   0x00000400   Zero   RW            1    STACK               startup_stm32f103xb.o


==============================================================================

Image component sizes


      Code (inc. data)   RO Data    RW Data    ZI Data      Debug   Object Name

      2754        352          0        163         64      10488   main.o
        36          8        236          0       1024        820   startup_stm32f103xb.o
       128         24          0         12          0       3341   stm32f1xx_hal.o
       228         14          0          0          0      27441   stm32f1xx_hal_cortex.o
       480         42          0          0          0       4056   stm32f1xx_hal_gpio.o
       232         30          0          0          0       2063   stm32f1xx_hal_msp.o
      1810          0          0          0          0       9921   stm32f1xx_hal_pcd.o
        52          0          0          0          0       1210   stm32f1xx_hal_pcd_ex.o
      1232         80          0          0          0       4574   stm32f1xx_hal_rcc.o
       236         12          0          0          0       1412   stm32f1xx_hal_rcc_ex.o
      1244         40          0          0          0      13349   stm32f1xx_hal_tim.o
       170          0          0          0          0       2116   stm32f1xx_hal_tim_ex.o
       220         40          0          0          0       5967   stm32f1xx_it.o
      1666          0          0          0          0      12763   stm32f1xx_ll_usb.o
        72         16         16          4          0     438467   system_stm32f1xx.o
        56         18          0          0        548        740   usb_device.o
       590         22          0        275          0      17142   usbd_cdc.o
       268         32          0         20       4000       4180   usbd_cdc_if.o
       668         50          0          0       1664      15028   usbd_conf.o
       592          0          0          0          0       9168   usbd_core.o
       986         30          0          1          0       7816   usbd_ctlreq.o
       212        116          0         50        512       4983   usbd_desc.o
       132          0          0          0          0       4312   usbd_ioreq.o

    ----------------------------------------------------------------------
     14086        926        284        532       7812     601357   Object Totals
         0          0         32          0          0          0   (incl. Generated)
        22          0          0          7          0          0   (incl. Padding)

    ----------------------------------------------------------------------

      Code (inc. data)   RO Data    RW Data    ZI Data      Debug   Library Member Name

        86          0          0          0          0          0   __dczerorl2.o
         0          0          0          0          0          0   entry.o
         0          0          0          0          0          0   entry10a.o
         0          0          0          0          0          0   entry11a.o
         8          4          0          0          0          0   entry2.o
         4          0          0          0          0          0   entry5.o
         0          0          0          0          0          0   entry7b.o
         0          0          0          0          0          0   entry8b.o
         8          4          0          0          0          0   entry9a.o
        30          0          0          0          0          0   handlers.o
        36          8          0          0          0         68   init.o
         0          0          0          0          0          0   iusefp.o
        30          0          0          0          0         68   llshl.o
        36          0          0          0          0         68   llsshr.o
        32          0          0          0          0         68   llushr.o
        36          0          0          0          0         68   memcpya.o
      2244         86          0          0          0        512   printfa.o
        14          0          0          0          0         68   strlen.o
        44          0          0          0          0         80   uidiv.o
        98          0          0          0          0         92   uldiv.o
        48          0          0          0          0         68   cdrcmple.o
       334          0          0          0          0        148   dadd.o
       222          0          0          0          0        100   ddiv.o
       186          0          0          0          0        176   depilogue.o
        50          0          0          0          0         76   dfixui.o
        48          0          0          0          0         68   dfixul.o
        26          0          0          0          0         76   dfltui.o
       228          0          0          0          0         96   dmul.o
        46          0          0          0          0         80   dscalb.o

    ----------------------------------------------------------------------
      3898        102          0          0          0       1980   Library Totals
         4          0          0          0          0          0   (incl. Padding)

    ----------------------------------------------------------------------

      Code (inc. data)   RO Data    RW Data    ZI Data      Debug   Library Name

      2706        102          0          0          0       1092   mc_w.l
      1188          0          0          0          0        888   mf_w.l

    ----------------------------------------------------------------------
      3898        102          0          0          0       1980   Library Totals

    ----------------------------------------------------------------------

==============================================================================


      Code (inc. data)   RO Data    RW Data    ZI Data      Debug   

     17984       1028        284        532       7812     593585   Grand Totals
     17984       1028        284        228       7812     593585   ELF Image Totals (compressed)
     17984       1028        284        228          0          0   ROM Totals

==============================================================================

    Total RO  Size (Code + RO Data)                18268 (  17.84kB)
    Total RW  Size (RW Data + ZI Data)              8344 (   8.15kB)
    Total ROM Size (Code + RO Data + RW Data)      18496 (  18.06kB)

==============================================================================

